Archive member included because of file (symbol)

contiki-sky.a(contiki-sky-pla)
                              obj_sky/contiki-sky-main.o (init_platform)
contiki-sky.a(button-sensor.o)
                              contiki-sky.a(contiki-sky-pla) (button_sensor)
contiki-sky.a(ds2411.o)       obj_sky/contiki-sky-main.o (ds2411_init)
contiki-sky.a(xmem.o)         obj_sky/contiki-sky-main.o (xmem_init)
contiki-sky.a(node-id.o)      obj_sky/contiki-sky-main.o (node_id_restore)
contiki-sky.a(sensors.o)      contiki-sky.a(button-sensor.o) (sensors_changed)
contiki-sky.a(cc2420.o)       obj_sky/contiki-sky-main.o (cc2420_set_pan_addr)
contiki-sky.a(cc2420-arch.o)  contiki-sky.a(cc2420.o) (cc2420_arch_init)
contiki-sky.a(uart1.o)        obj_sky/contiki-sky-main.o (uart1_active)
contiki-sky.a(uart1-putchar.o)
                              obj_sky/contiki-sky-main.o (putchar)
contiki-sky.a(msp430.o)       contiki-sky.a(uart1.o) (msp430_add_lpm_req)
contiki-sky.a(clock.o)        obj_sky/contiki-sky-main.o (clock_init)
contiki-sky.a(leds.o)         obj_sky/contiki-sky-main.o (leds_init)
contiki-sky.a(leds-arch.o)    contiki-sky.a(leds.o) (leds_arch_init)
contiki-sky.a(watchdog.o)     obj_sky/contiki-sky-main.o (watchdog_start)
contiki-sky.a(rtimer-arch.o)  obj_sky/contiki-sky-main.o (rtimer_arch_now)
contiki-sky.a(autostart.o)    obj_sky/contiki-sky-main.o (autostart_start)
contiki-sky.a(energest.o)     obj_sky/contiki-sky-main.o (energest_init)
contiki-sky.a(etimer.o)       contiki-sky.a(clock.o) (etimer_request_poll)
contiki-sky.a(ctimer.o)       obj_sky/contiki-sky-main.o (ctimer_init)
contiki-sky.a(process.o)      contiki-sky.a(etimer.o) (process_current)
contiki-sky.a(rtimer.o)       obj_sky/contiki-sky-main.o (rtimer_init)
contiki-sky.a(timer.o)        obj_sky/contiki-sky-main.o (timer_set)
contiki-sky.a(serial-line.o)  obj_sky/contiki-sky-main.o (serial_line_input_byte)
contiki-sky.a(list.o)         contiki-sky.a(ctimer.o) (list_init)
contiki-sky.a(random.o)       obj_sky/contiki-sky-main.o (random_init)
contiki-sky.a(ringbuf.o)      contiki-sky.a(serial-line.o) (ringbuf_init)
contiki-sky.a(rime.o)         obj_sky/contiki-sky-main.o (rime_driver)
contiki-sky.a(broadcast-annou)
                              contiki-sky.a(rime.o) (broadcast_announcement_init)
contiki-sky.a(broadcast.o)    obj_sky/my_collect.o (broadcast_open)
contiki-sky.a(announcement.o)
                              contiki-sky.a(rime.o) (announcement_init)
contiki-sky.a(chameleon.o)    contiki-sky.a(rime.o) (chameleon_init)
contiki-sky.a(channel.o)      contiki-sky.a(chameleon.o) (channel_init)
contiki-sky.a(collect.o)      app-collect.co (collect_open)
contiki-sky.a(abc.o)          contiki-sky.a(broadcast.o) (abc_open)
contiki-sky.a(unicast.o)      obj_sky/my_collect.o (unicast_open)
contiki-sky.a(collect-link-es)
                              contiki-sky.a(collect.o) (collect_link_estimate_num_estimates)
contiki-sky.a(csma.o)         obj_sky/contiki-sky-main.o (csma_driver)
contiki-sky.a(queuebuf.o)     contiki-sky.a(rime.o) (queuebuf_init)
contiki-sky.a(packetbuf.o)    obj_sky/my_collect.o (packetbuf_hdrreduce)
contiki-sky.a(linkaddr.o)     obj_sky/my_collect.o (linkaddr_copy)
contiki-sky.a(contikimac.o)   obj_sky/contiki-sky-main.o (contikimac_driver)
contiki-sky.a(contikimac-fram)
                              contiki-sky.a(contikimac.o) (contikimac_framer)
contiki-sky.a(nullsec.o)      obj_sky/contiki-sky-main.o (nullsec_driver)
contiki-sky.a(spi.o)          contiki-sky.a(xmem.o) (spi_init)
contiki-sky.a(compower.o)     contiki-sky.a(contikimac.o) (compower_accumulate)
contiki-sky.a(memb.o)         contiki-sky.a(csma.o) (memb_init)
contiki-sky.a(packetqueue.o)  contiki-sky.a(collect.o) (packetqueue_enqueue_packetbuf)
contiki-sky.a(chameleon-bitop)
                              contiki-sky.a(chameleon.o) (chameleon_bitopt)
contiki-sky.a(collect-neighbo)
                              contiki-sky.a(collect.o) (collect_neighbor_init)
contiki-sky.a(mac-sequence.o)
                              contiki-sky.a(contikimac.o) (mac_sequence_is_duplicate)
contiki-sky.a(mac.o)          contiki-sky.a(csma.o) (mac_call_sent_callback)
contiki-sky.a(framer-802154.o)
                              contiki-sky.a(contikimac-fram) (framer_802154)
contiki-sky.a(frame802154.o)  contiki-sky.a(framer-802154.o) (frame802154_get_pan_id)
/usr/lib/gcc/msp430/4.6.3/mmpy-16/libgcc.a(_mulsi3.o)
                              contiki-sky.a(csma.o) (__mulsi3)
/usr/lib/gcc/msp430/4.6.3/mmpy-16/libgcc.a(_udivmod16.o)
                              obj_sky/my_collect.o (__udivhi3)
/usr/lib/gcc/msp430/4.6.3/mmpy-16/libgcc.a(_udivmod32.o)
                              obj_sky/contiki-sky-main.o (__udivsi3)
/usr/lib/gcc/msp430/4.6.3/../../../../msp430/lib/mmpy-16/libc.a(strncmp.o)
                              contiki-sky.a(sensors.o) (strncmp)
/usr/lib/gcc/msp430/4.6.3/../../../../msp430/lib/mmpy-16/libc.a(memcmp.o)
                              contiki-sky.a(linkaddr.o) (memcmp)
[...]
Memory Configuration

Name             Origin             Length             Attributes
sfr              0x0000000000000000 0x0000000000000010
peripheral_8bit  0x0000000000000010 0x00000000000000f0
peripheral_16bit 0x0000000000000100 0x0000000000000100
ram_mirror       0x0000000000000200 0x0000000000000800 xw
infomem          0x0000000000001000 0x0000000000000100
infob            0x0000000000001000 0x0000000000000080
infoa            0x0000000000001080 0x0000000000000080
ram              0x0000000000001100 0x0000000000002800 xw
rom              0x0000000000004000 0x000000000000bfe0 xr
vectors          0x000000000000ffe0 0x0000000000000020
bsl              0x0000000000000000 0x0000000000000000
infoc            0x0000000000000000 0x0000000000000000
infod            0x0000000000000000 0x0000000000000000
ram2             0x0000000000000000 0x0000000000000000 xw
usbram           0x0000000000000000 0x0000000000000000 xw
far_rom          0x0000000000000000 0x0000000000000000
*default*        0x0000000000000000 0xffffffffffffffff

Linker script and memory map

LOAD /usr/lib/gcc/msp430/4.6.3/mmpy-16/crt0ivtbl16.o
LOAD app-collect.co
LOAD obj_sky/my_collect.o
LOAD obj_sky/simple-energest.o
LOAD obj_sky/deployment.o
LOAD obj_sky/contiki-sky-main.o
LOAD contiki-sky.a
LOAD /usr/lib/gcc/msp430/4.6.3/mmpy-16/libgcc.a
LOAD /usr/lib/gcc/msp430/4.6.3/../../../../msp430/lib/mmpy-16/libc.a
LOAD /usr/lib/gcc/msp430/4.6.3/mmpy-16/libgcc.a
LOAD /usr/lib/gcc/msp430/4.6.3/mmpy-16/libcrt0.a
                0x0000000000000080                PROVIDE (__info_segment_size, 0x80)
                0x0000000000001000                PROVIDE (__infob, 0x1000)
                0x0000000000001080                PROVIDE (__infoa, 0x1080)
                0x0000000000000000                __IE1 = 0x0
                0x0000000000000002                __IFG1 = 0x2
                0x0000000000000004                __ME1 = 0x4
                0x0000000000000001                __IE2 = 0x1
                0x0000000000000003                __IFG2 = 0x3
                0x0000000000000005                __ME2 = 0x5
                0x0000000000000120                __WDTCTL = 0x120
                0x0000000000000130                __MPY = 0x130
                0x0000000000000132                __MPYS = 0x132
                0x0000000000000134                __MAC = 0x134
                0x0000000000000136                __MACS = 0x136
                0x0000000000000138                __OP2 = 0x138
                0x000000000000013a                __RESLO = 0x13a
                0x000000000000013c                __RESHI = 0x13c
                0x000000000000013e                __SUMEXT = 0x13e
                0x0000000000000020                __P1IN = 0x20
                0x0000000000000021                __P1OUT = 0x21
                0x0000000000000022                __P1DIR = 0x22
                0x0000000000000023                __P1IFG = 0x23
                0x0000000000000024                __P1IES = 0x24
                0x0000000000000025                __P1IE = 0x25
                0x0000000000000026                __P1SEL = 0x26
                0x0000000000000028                __P2IN = 0x28
                0x0000000000000029                __P2OUT = 0x29
                0x000000000000002a                __P2DIR = 0x2a
                0x000000000000002b                __P2IFG = 0x2b
                0x000000000000002c                __P2IES = 0x2c
                0x000000000000002d                __P2IE = 0x2d
                0x000000000000002e                __P2SEL = 0x2e
                0x0000000000000018                __P3IN = 0x18
                0x0000000000000019                __P3OUT = 0x19
                0x000000000000001a                __P3DIR = 0x1a
                0x000000000000001b                __P3SEL = 0x1b
                0x000000000000001c                __P4IN = 0x1c
                0x000000000000001d                __P4OUT = 0x1d
                0x000000000000001e                __P4DIR = 0x1e
                0x000000000000001f                __P4SEL = 0x1f
                0x0000000000000030                __P5IN = 0x30
                0x0000000000000031                __P5OUT = 0x31
                0x0000000000000032                __P5DIR = 0x32
                0x0000000000000033                __P5SEL = 0x33
                0x0000000000000034                __P6IN = 0x34
                0x0000000000000035                __P6OUT = 0x35
                0x0000000000000036                __P6DIR = 0x36
                0x0000000000000037                __P6SEL = 0x37
                0x0000000000000070                __U0CTL = 0x70
                0x0000000000000071                __U0TCTL = 0x71
                0x0000000000000072                __U0RCTL = 0x72
                0x0000000000000073                __U0MCTL = 0x73
                0x0000000000000074                __U0BR0 = 0x74
                0x0000000000000075                __U0BR1 = 0x75
                0x0000000000000076                __U0RXBUF = 0x76
                0x0000000000000077                __U0TXBUF = 0x77
                0x0000000000000078                __U1CTL = 0x78
                0x0000000000000079                __U1TCTL = 0x79
                0x000000000000007a                __U1RCTL = 0x7a
                0x000000000000007b                __U1MCTL = 0x7b
                0x000000000000007c                __U1BR0 = 0x7c
                0x000000000000007d                __U1BR1 = 0x7d
                0x000000000000007e                __U1RXBUF = 0x7e
                0x000000000000007f                __U1TXBUF = 0x7f
                0x0000000000000050                __I2CIE = 0x50
                0x0000000000000051                __I2CIFG = 0x51
                0x0000000000000052                __I2CNDAT = 0x52
                0x0000000000000071                __I2CTCTL = 0x71
                0x0000000000000072                __I2CDCTL = 0x72
                0x0000000000000073                __I2CPSC = 0x73
                0x0000000000000074                __I2CSCLH = 0x74
                0x0000000000000075                __I2CSCLL = 0x75
                0x0000000000000076                __I2CDRB = 0x76
                0x0000000000000076                __I2CDRW = 0x76
                0x0000000000000118                __I2COA = 0x118
                0x000000000000011a                __I2CSA = 0x11a
                0x000000000000011c                __I2CIV = 0x11c
                0x000000000000012e                __TAIV = 0x12e
                0x0000000000000160                __TACTL = 0x160
                0x0000000000000162                __TACCTL0 = 0x162
                0x0000000000000164                __TACCTL1 = 0x164
                0x0000000000000166                __TACCTL2 = 0x166
                0x0000000000000170                __TAR = 0x170
                0x0000000000000172                __TACCR0 = 0x172
                0x0000000000000174                __TACCR1 = 0x174
                0x0000000000000176                __TACCR2 = 0x176
                0x000000000000011e                __TBIV = 0x11e
                0x0000000000000180                __TBCTL = 0x180
                0x0000000000000182                __TBCCTL0 = 0x182
                0x0000000000000184                __TBCCTL1 = 0x184
                0x0000000000000186                __TBCCTL2 = 0x186
                0x0000000000000188                __TBCCTL3 = 0x188
                0x000000000000018a                __TBCCTL4 = 0x18a
                0x000000000000018c                __TBCCTL5 = 0x18c
                0x000000000000018e                __TBCCTL6 = 0x18e
                0x0000000000000190                __TBR = 0x190
                0x0000000000000192                __TBCCR0 = 0x192
                0x0000000000000194                __TBCCR1 = 0x194
                0x0000000000000196                __TBCCR2 = 0x196
                0x0000000000000198                __TBCCR3 = 0x198
                0x000000000000019a                __TBCCR4 = 0x19a
                0x000000000000019c                __TBCCR5 = 0x19c
                0x000000000000019e                __TBCCR6 = 0x19e
                0x0000000000000056                __DCOCTL = 0x56
                0x0000000000000057                __BCSCTL1 = 0x57
                0x0000000000000058                __BCSCTL2 = 0x58
                0x0000000000000055                __SVSCTL = 0x55
                0x0000000000000128                __FCTL1 = 0x128
                0x000000000000012a                __FCTL2 = 0x12a
                0x000000000000012c                __FCTL3 = 0x12c
                0x0000000000000059                __CACTL1 = 0x59
                0x000000000000005a                __CACTL2 = 0x5a
                0x000000000000005b                __CAPD = 0x5b
                0x00000000000001a0                __ADC12CTL0 = 0x1a0
                0x00000000000001a2                __ADC12CTL1 = 0x1a2
                0x00000000000001a4                __ADC12IFG = 0x1a4
                0x00000000000001a6                __ADC12IE = 0x1a6
                0x00000000000001a8                __ADC12IV = 0x1a8
                0x0000000000000140                __ADC12MEM0 = 0x140
                0x0000000000000142                __ADC12MEM1 = 0x142
                0x0000000000000144                __ADC12MEM2 = 0x144
                0x0000000000000146                __ADC12MEM3 = 0x146
                0x0000000000000148                __ADC12MEM4 = 0x148
                0x000000000000014a                __ADC12MEM5 = 0x14a
                0x000000000000014c                __ADC12MEM6 = 0x14c
                0x000000000000014e                __ADC12MEM7 = 0x14e
                0x0000000000000150                __ADC12MEM8 = 0x150
                0x0000000000000152                __ADC12MEM9 = 0x152
                0x0000000000000154                __ADC12MEM10 = 0x154
                0x0000000000000156                __ADC12MEM11 = 0x156
                0x0000000000000158                __ADC12MEM12 = 0x158
                0x000000000000015a                __ADC12MEM13 = 0x15a
                0x000000000000015c                __ADC12MEM14 = 0x15c
                0x000000000000015e                __ADC12MEM15 = 0x15e
                0x0000000000000080                __ADC12MCTL0 = 0x80
                0x0000000000000081                __ADC12MCTL1 = 0x81
                0x0000000000000082                __ADC12MCTL2 = 0x82
                0x0000000000000083                __ADC12MCTL3 = 0x83
                0x0000000000000084                __ADC12MCTL4 = 0x84
                0x0000000000000085                __ADC12MCTL5 = 0x85
                0x0000000000000086                __ADC12MCTL6 = 0x86
                0x0000000000000087                __ADC12MCTL7 = 0x87
                0x0000000000000088                __ADC12MCTL8 = 0x88
                0x0000000000000089                __ADC12MCTL9 = 0x89
                0x000000000000008a                __ADC12MCTL10 = 0x8a
                0x000000000000008b                __ADC12MCTL11 = 0x8b
                0x000000000000008c                __ADC12MCTL12 = 0x8c
                0x000000000000008d                __ADC12MCTL13 = 0x8d
                0x000000000000008e                __ADC12MCTL14 = 0x8e
                0x000000000000008f                __ADC12MCTL15 = 0x8f
                0x00000000000001c0                __DAC12_0CTL = 0x1c0
                0x00000000000001c2                __DAC12_1CTL = 0x1c2
                0x00000000000001c8                __DAC12_0DAT = 0x1c8
                0x00000000000001ca                __DAC12_1DAT = 0x1ca
                0x0000000000000122                __DMACTL0 = 0x122
                0x0000000000000124                __DMACTL1 = 0x124
                0x00000000000001e0                __DMA0CTL = 0x1e0
                0x00000000000001e8                __DMA1CTL = 0x1e8
                0x00000000000001f0                __DMA2CTL = 0x1f0
                0x00000000000001e2                __DMA0SA = 0x1e2
                0x00000000000001e4                __DMA0DA = 0x1e4
                0x00000000000001e6                __DMA0SZ = 0x1e6
                0x00000000000001ea                __DMA1SA = 0x1ea
                0x00000000000001ec                __DMA1DA = 0x1ec
                0x00000000000001ee                __DMA1SZ = 0x1ee
                0x00000000000001f2                __DMA2SA = 0x1f2
                0x00000000000001f4                __DMA2DA = 0x1f4
                0x00000000000001f6                __DMA2SZ = 0x1f6

.hash
 *(.hash)

.dynsym
 *(.dynsym)

.dynstr
 *(.dynstr)

.gnu.version
 *(.gnu.version)

.gnu.version_d
 *(.gnu.version_d)

.gnu.version_r
 *(.gnu.version_r)

.rel.init
 *(.rel.init)

.rela.init
 *(.rela.init)

.rel.fini
 *(.rel.fini)

.rela.fini
 *(.rela.fini)

.rel.text
 *(.rel.text .rel.text.* .rel.gnu.linkonce.t.*)

.rela.text
 *(.rela.text .rela.text.* .rela.gnu.linkonce.t.*)

.rel.rodata
 *(.rel.rodata .rel.rodata.* .rel.gnu.linkonce.r.*)

.rela.rodata
 *(.rela.rodata .rela.rodata.* .rela.gnu.linkonce.r.*)

.rel.data
 *(.rel.data .rel.data.* .rel.gnu.linkonce.d.*)

.rela.data
 *(.rela.data .rela.data.* .rela.gnu.linkonce.d.*)

.rel.bss
 *(.rel.bss .rel.bss.* .rel.gnu.linkonce.b.*)

.rela.bss
 *(.rela.bss .rela.bss.* .rela.gnu.linkonce.b.*)

.rel.ctors
 *(.rel.ctors)

.rela.ctors
 *(.rela.ctors)

.rel.dtors
 *(.rel.dtors)

.rela.dtors
 *(.rela.dtors)

.rel.got
 *(.rel.got)

.rela.got
 *(.rela.got)

.rel.plt
 *(.rel.plt)

.rela.plt
 *(.rela.plt)

.text           0x0000000000004000     0x6592
                0x0000000000004000                . = ALIGN (0x2)
 *(.init .init.*)
 *(.init0)
 .init0         0x0000000000004000        0x0 /usr/lib/gcc/msp430/4.6.3/mmpy-16/libcrt0.a(_reset_vector__.o)
                0x0000000000004000                _reset_vector__
 *(.init1)
 .init1         0x0000000000004000        0xc /usr/lib/gcc/msp430/4.6.3/mmpy-16/libcrt0.a(__watchdog_support.o)
                0x0000000000004000                __watchdog_support
 *(.init2)
 .init2         0x000000000000400c        0x4 /usr/lib/gcc/msp430/4.6.3/mmpy-16/libcrt0.a(__init_stack.o)
                0x000000000000400c                __init_stack
 *(.init3)
 .init3         0x0000000000004010        0x0 /usr/lib/gcc/msp430/4.6.3/mmpy-16/libcrt0.a(__low_level_init.o)
                0x0000000000004010                __low_level_init
 *(.init4)
 .init4         0x0000000000004010       0x18 /usr/lib/gcc/msp430/4.6.3/mmpy-16/libcrt0.a(_copy_data.o)
                0x0000000000004010                __do_copy_data
 .init4         0x0000000000004028       0x16 /usr/lib/gcc/msp430/4.6.3/mmpy-16/libcrt0.a(_clear_bss.o)
                0x0000000000004028                __do_clear_bss
 *(.init5)
 *(.init6)
 *(.init7)
 *(.init8)
 *(.init9)
 .init9         0x000000000000403e      0x2da obj_sky/contiki-sky-main.o
                0x000000000000403e                main
 *(.fini9)
 .fini9         0x0000000000004318        0x0 /usr/lib/gcc/msp430/4.6.3/mmpy-16/libcrt0.a(__stop_progExec__.o)
                0x0000000000004318                __stop_progExec__
 *(.fini8)
 *(.fini7)
 *(.fini6)
 *(.fini5)
 *(.fini4)
 *(.fini3)
 *(.fini2)
 *(.fini1)
 *(.fini0)
 .fini0         0x0000000000004318        0x6 /usr/lib/gcc/msp430/4.6.3/mmpy-16/libcrt0.a(_endless_loop__.o)
                0x0000000000004318                _endless_loop__
 *(.fini .fini.*)
                0x000000000000431e                . = ALIGN (0x2)
                0x000000000000431e                __ctors_start = .
 *(.ctors)
                0x000000000000431e                __ctors_end = .
                0x000000000000431e                __dtors_start = .
 *(.dtors)
                0x000000000000431e                __dtors_end = .
                0x000000000000431e                . = ALIGN (0x2)
 *(.text .text.* .gnu.linkonce.t.*)
 .text          0x000000000000431e        0x4 /usr/lib/gcc/msp430/4.6.3/mmpy-16/crt0ivtbl16.o
                0x000000000000431e                __isr_14
                0x000000000000431e                __isr_11
                0x000000000000431e                __isr_2
                0x000000000000431e                __isr_7
                0x000000000000431e                __isr_0
                0x000000000000431e                __isr_8
                0x000000000000431e                __isr_3
                0x000000000000431e                __isr_12
                0x000000000000431e                __isr_13
                0x000000000000431e                __isr_9
 .text.process_thread_app_process
                0x0000000000004322      0x140 app-collect.co
 .text.recv_cb  0x0000000000004462       0x58 app-collect.co
 .text.simple_energest_start
                0x00000000000044ba       0x4c obj_sky/simple-energest.o
                0x00000000000044ba                simple_energest_start
 .text.simple_energest_step
                0x0000000000004506      0x114 obj_sky/simple-energest.o
                0x0000000000004506                simple_energest_step
 .text.process_thread_energest_process
                0x000000000000461a       0x50 obj_sky/simple-energest.o
 .text.deployment_init
                0x000000000000466a        0x2 obj_sky/deployment.o
                0x000000000000466a                deployment_init
 .text.init_platform
                0x000000000000466c        0xc contiki-sky.a(contiki-sky-pla)
                0x000000000000466c                init_platform
 .text.status   0x0000000000004678       0x16 contiki-sky.a(button-sensor.o)
 .text.configure
                0x000000000000468e       0x52 contiki-sky.a(button-sensor.o)
 .text.value    0x00000000000046e0       0x22 contiki-sky.a(button-sensor.o)
 .text.irq_p2   0x0000000000004702       0x8a contiki-sky.a(button-sensor.o)
                0x0000000000004702                irq_p2
                0x0000000000004702                __isr_1
 .text.owreadb  0x000000000000478c       0x52 contiki-sky.a(ds2411.o)
 .text.ds2411_init
                0x00000000000047de      0x122 contiki-sky.a(ds2411.o)
                0x00000000000047de                ds2411_init
 .text.wait_ready
                0x0000000000004900       0x50 contiki-sky.a(xmem.o)
 .text.xmem_init
                0x0000000000004950       0x3e contiki-sky.a(xmem.o)
                0x0000000000004950                xmem_init
 .text.xmem_pread
                0x000000000000498e       0xea contiki-sky.a(xmem.o)
                0x000000000000498e                xmem_pread
 .text.node_id_restore
                0x0000000000004a78       0x38 contiki-sky.a(node-id.o)
                0x0000000000004a78                node_id_restore
 .text.process_thread_sensors_process
                0x0000000000004ab0       0xbe contiki-sky.a(sensors.o)
 .text.sensors_changed
                0x0000000000004b6e       0x2a contiki-sky.a(sensors.o)
                0x0000000000004b6e                sensors_changed
 .text.get_object
                0x0000000000004b98        0x4 contiki-sky.a(cc2420.o)
 .text.set_object
                0x0000000000004b9c        0x4 contiki-sky.a(cc2420.o)
 .text.strobe   0x0000000000004ba0       0x20 contiki-sky.a(cc2420.o)
 .text.getreg   0x0000000000004bc0       0x54 contiki-sky.a(cc2420.o)
 .text.setreg   0x0000000000004c14       0x52 contiki-sky.a(cc2420.o)
 .text.write_ram
                0x0000000000004c66       0x80 contiki-sky.a(cc2420.o)
 .text.write_fifo_buf
                0x0000000000004ce6       0x40 contiki-sky.a(cc2420.o)
 .text.get_status
                0x0000000000004d26       0x24 contiki-sky.a(cc2420.o)
 .text.set_txpower
                0x0000000000004d4a       0x26 contiki-sky.a(cc2420.o)
 .text.cc2420_receiving_packet
                0x0000000000004d70        0xe contiki-sky.a(cc2420.o)
 .text.pending_packet
                0x0000000000004d7e        0x8 contiki-sky.a(cc2420.o)
 .text.on       0x0000000000004d86       0x26 contiki-sky.a(cc2420.o)
 .text.wait_for_transmission
                0x0000000000004dac       0x22 contiki-sky.a(cc2420.o)
 .text.wait_for_status
                0x0000000000004dce       0x2a contiki-sky.a(cc2420.o)
 .text.getrxdata
                0x0000000000004df8       0x56 contiki-sky.a(cc2420.o)
 .text.flushrx  0x0000000000004e4e       0x1a contiki-sky.a(cc2420.o)
 .text.off      0x0000000000004e68       0x62 contiki-sky.a(cc2420.o)
 .text.RELEASE_LOCK
                0x0000000000004eca       0x28 contiki-sky.a(cc2420.o)
 .text.set_key  0x0000000000004ef2       0x18 contiki-sky.a(cc2420.o)
 .text.set_frame_filtering
                0x0000000000004f0a       0x30 contiki-sky.a(cc2420.o)
 .text.set_auto_ack
                0x0000000000004f3a       0x30 contiki-sky.a(cc2420.o)
 .text.set_poll_mode
                0x0000000000004f6a       0x36 contiki-sky.a(cc2420.o)
 .text.cc2420_prepare
                0x0000000000004fa0       0x3c contiki-sky.a(cc2420.o)
 .text.cc2420_on
                0x0000000000004fdc       0x22 contiki-sky.a(cc2420.o)
                0x0000000000004fdc                cc2420_on
 .text.cc2420_off
                0x0000000000004ffe       0x30 contiki-sky.a(cc2420.o)
                0x0000000000004ffe                cc2420_off
 .text.cc2420_cca
                0x000000000000502e       0x5e contiki-sky.a(cc2420.o)
 .text.cc2420_read
                0x000000000000508c       0xc0 contiki-sky.a(cc2420.o)
 .text.process_thread_cc2420_process
                0x000000000000514c       0x58 contiki-sky.a(cc2420.o)
 .text.encrypt  0x00000000000051a4       0x8e contiki-sky.a(cc2420.o)
 .text.cc2420_set_channel
                0x0000000000005232       0x3c contiki-sky.a(cc2420.o)
                0x0000000000005232                cc2420_set_channel
 .text.cc2420_set_pan_addr
                0x000000000000526e       0x4c contiki-sky.a(cc2420.o)
                0x000000000000526e                cc2420_set_pan_addr
 .text.cc2420_interrupt
                0x00000000000052ba       0x18 contiki-sky.a(cc2420.o)
                0x00000000000052ba                cc2420_interrupt
 .text.cc2420_set_txpower
                0x00000000000052d2        0xe contiki-sky.a(cc2420.o)
                0x00000000000052d2                cc2420_set_txpower
 .text.cc2420_get_txpower
                0x00000000000052e0       0x1e contiki-sky.a(cc2420.o)
                0x00000000000052e0                cc2420_get_txpower
 .text.cc2420_transmit
                0x00000000000052fe      0x134 contiki-sky.a(cc2420.o)
 .text.cc2420_send
                0x0000000000005432       0x12 contiki-sky.a(cc2420.o)
 .text.cc2420_rssi
                0x0000000000005444       0x4c contiki-sky.a(cc2420.o)
                0x0000000000005444                cc2420_rssi
 .text.get_value
                0x0000000000005490      0x108 contiki-sky.a(cc2420.o)
 .text.cc2420_set_cca_threshold
                0x0000000000005598       0x16 contiki-sky.a(cc2420.o)
                0x0000000000005598                cc2420_set_cca_threshold
 .text.set_value
                0x00000000000055ae       0xba contiki-sky.a(cc2420.o)
 .text.cc2420_init
                0x0000000000005668       0xf0 contiki-sky.a(cc2420.o)
                0x0000000000005668                cc2420_init
 .text.cc2420_port1_interrupt
                0x0000000000005758       0x62 contiki-sky.a(cc2420-arch.o)
                0x0000000000005758                __isr_4
                0x0000000000005758                cc2420_port1_interrupt
 .text.cc2420_arch_init
                0x00000000000057ba       0x1a contiki-sky.a(cc2420-arch.o)
                0x00000000000057ba                cc2420_arch_init
 .text.handle_rxdma_timer
                0x00000000000057d4       0x3a contiki-sky.a(uart1.o)
 .text.uart1_active
                0x000000000000580e       0x1a contiki-sky.a(uart1.o)
                0x000000000000580e                uart1_active
 .text.uart1_set_input
                0x0000000000005828       0x20 contiki-sky.a(uart1.o)
                0x0000000000005828                uart1_set_input
 .text.uart1_writeb
                0x0000000000005848       0x1a contiki-sky.a(uart1.o)
                0x0000000000005848                uart1_writeb
 .text.uart1_init
                0x0000000000005862       0xf6 contiki-sky.a(uart1.o)
                0x0000000000005862                uart1_init
 .text.putchar  0x0000000000005958       0x10 contiki-sky.a(uart1-putchar.o)
                0x0000000000005958                putchar
 .text.msp430_init_dco
                0x0000000000005968       0x84 contiki-sky.a(msp430.o)
                0x0000000000005968                msp430_init_dco
 .text.msp430_add_lpm_req
                0x00000000000059ec        0xc contiki-sky.a(msp430.o)
                0x00000000000059ec                msp430_add_lpm_req
 .text.msp430_cpu_init
                0x00000000000059f8       0x2a contiki-sky.a(msp430.o)
                0x00000000000059f8                msp430_cpu_init
 .text.splhigh_
                0x0000000000005a22        0x8 contiki-sky.a(msp430.o)
                0x0000000000005a22                splhigh_
 .text.msp430_sync_dco
                0x0000000000005a2a       0x68 contiki-sky.a(msp430.o)
                0x0000000000005a2a                msp430_sync_dco
 .text.timera1  0x0000000000005a92      0x11e contiki-sky.a(clock.o)
                0x0000000000005a92                __isr_5
                0x0000000000005a92                timera1
 .text.clock_time
                0x0000000000005bb0       0x1a contiki-sky.a(clock.o)
                0x0000000000005bb0                clock_time
 .text.clock_init
                0x0000000000005bca       0x28 contiki-sky.a(clock.o)
                0x0000000000005bca                clock_init
 .text.clock_delay
                0x0000000000005bf2        0xc contiki-sky.a(clock.o)
                0x0000000000005bf2                clock_delay
 .text.show_leds
                0x0000000000005bfe       0xf6 contiki-sky.a(leds.o)
 .text.leds_init
                0x0000000000005cf4        0xa contiki-sky.a(leds.o)
                0x0000000000005cf4                leds_init
 .text.leds_on  0x0000000000005cfe        0xa contiki-sky.a(leds.o)
                0x0000000000005cfe                leds_on
 .text.leds_off
                0x0000000000005d08        0xe contiki-sky.a(leds.o)
                0x0000000000005d08                leds_off
 .text.leds_arch_init
                0x0000000000005d16        0xe contiki-sky.a(leds-arch.o)
                0x0000000000005d16                leds_arch_init
 .text.leds_arch_set
                0x0000000000005d24       0x3a contiki-sky.a(leds-arch.o)
                0x0000000000005d24                leds_arch_set
 .text.watchdog_interrupt
                0x0000000000005d5e        0x6 contiki-sky.a(watchdog.o)
                0x0000000000005d5e                __isr_10
                0x0000000000005d5e                watchdog_interrupt
 .text.watchdog_start
                0x0000000000005d64       0x14 contiki-sky.a(watchdog.o)
                0x0000000000005d64                watchdog_start
 .text.watchdog_periodic
                0x0000000000005d78       0x12 contiki-sky.a(watchdog.o)
                0x0000000000005d78                watchdog_periodic
 .text.watchdog_stop
                0x0000000000005d8a       0x16 contiki-sky.a(watchdog.o)
                0x0000000000005d8a                watchdog_stop
 .text.watchdog_init
                0x0000000000005da0       0x14 contiki-sky.a(watchdog.o)
                0x0000000000005da0                watchdog_init
 .text.rtimer_arch_init
                0x0000000000005db4        0xe contiki-sky.a(rtimer-arch.o)
                0x0000000000005db4                rtimer_arch_init
 .text.rtimer_arch_now
                0x0000000000005dc2        0xe contiki-sky.a(rtimer-arch.o)
                0x0000000000005dc2                rtimer_arch_now
 .text.timera0  0x0000000000005dd0       0x70 contiki-sky.a(rtimer-arch.o)
                0x0000000000005dd0                __isr_6
                0x0000000000005dd0                timera0
 .text.rtimer_arch_schedule
                0x0000000000005e40        0x6 contiki-sky.a(rtimer-arch.o)
                0x0000000000005e40                rtimer_arch_schedule
 .text.autostart_start
                0x0000000000005e46       0x16 contiki-sky.a(autostart.o)
                0x0000000000005e46                autostart_start
 .text.energest_init
                0x0000000000005e5c       0x28 contiki-sky.a(energest.o)
                0x0000000000005e5c                energest_init
 .text.energest_type_time
                0x0000000000005e84       0x46 contiki-sky.a(energest.o)
                0x0000000000005e84                energest_type_time
 .text.energest_type_set
                0x0000000000005eca        0xe contiki-sky.a(energest.o)
                0x0000000000005eca                energest_type_set
 .text.energest_flush
                0x0000000000005ed8       0x48 contiki-sky.a(energest.o)
                0x0000000000005ed8                energest_flush
 .text.update_time
                0x0000000000005f20       0x78 contiki-sky.a(etimer.o)
 .text.etimer_request_poll
                0x0000000000005f98        0xa contiki-sky.a(etimer.o)
                0x0000000000005f98                etimer_request_poll
 .text.process_thread_etimer_process
                0x0000000000005fa2       0xc8 contiki-sky.a(etimer.o)
 .text.add_timer
                0x000000000000606a       0x40 contiki-sky.a(etimer.o)
 .text.etimer_set
                0x00000000000060aa       0x12 contiki-sky.a(etimer.o)
                0x00000000000060aa                etimer_set
 .text.etimer_reset
                0x00000000000060bc       0x12 contiki-sky.a(etimer.o)
                0x00000000000060bc                etimer_reset
 .text.etimer_expired
                0x00000000000060ce        0xe contiki-sky.a(etimer.o)
                0x00000000000060ce                etimer_expired
 .text.etimer_pending
                0x00000000000060dc        0xc contiki-sky.a(etimer.o)
                0x00000000000060dc                etimer_pending
 .text.etimer_next_expiration_time
                0x00000000000060e8       0x16 contiki-sky.a(etimer.o)
                0x00000000000060e8                etimer_next_expiration_time
 .text.etimer_stop
                0x00000000000060fe       0x3c contiki-sky.a(etimer.o)
                0x00000000000060fe                etimer_stop
 .text.process_thread_ctimer_process
                0x000000000000613a       0xa4 contiki-sky.a(ctimer.o)
 .text.ctimer_init
                0x00000000000061de       0x18 contiki-sky.a(ctimer.o)
                0x00000000000061de                ctimer_init
 .text.ctimer_set_with_process
                0x00000000000061f6       0x4e contiki-sky.a(ctimer.o)
                0x00000000000061f6                ctimer_set_with_process
 .text.ctimer_set
                0x0000000000006244       0x10 contiki-sky.a(ctimer.o)
                0x0000000000006244                ctimer_set
 .text.ctimer_reset
                0x0000000000006254       0x30 contiki-sky.a(ctimer.o)
                0x0000000000006254                ctimer_reset
 .text.ctimer_stop
                0x0000000000006284       0x28 contiki-sky.a(ctimer.o)
                0x0000000000006284                ctimer_stop
 .text.call_process
                0x00000000000062ac       0x4a contiki-sky.a(process.o)
 .text.exit_process
                0x00000000000062f6       0x96 contiki-sky.a(process.o)
 .text.do_poll  0x000000000000638c       0x30 contiki-sky.a(process.o)
 .text.process_alloc_event
                0x00000000000063bc        0xe contiki-sky.a(process.o)
                0x00000000000063bc                process_alloc_event
 .text.process_init
                0x00000000000063ca       0x1c contiki-sky.a(process.o)
                0x00000000000063ca                process_init
 .text.process_run
                0x00000000000063e6       0x92 contiki-sky.a(process.o)
                0x00000000000063e6                process_run
 .text.process_nevents
                0x0000000000006478        0xe contiki-sky.a(process.o)
                0x0000000000006478                process_nevents
 .text.process_post
                0x0000000000006486       0x4e contiki-sky.a(process.o)
                0x0000000000006486                process_post
 .text.process_post_synch
                0x00000000000064d4       0x12 contiki-sky.a(process.o)
                0x00000000000064d4                process_post_synch
 .text.process_start
                0x00000000000064e6       0x32 contiki-sky.a(process.o)
                0x00000000000064e6                process_start
 .text.process_poll
                0x0000000000006518       0x18 contiki-sky.a(process.o)
                0x0000000000006518                process_poll
 .text.rtimer_init
                0x0000000000006530        0x6 contiki-sky.a(rtimer.o)
                0x0000000000006530                rtimer_init
 .text.rtimer_set
                0x0000000000006536       0x24 contiki-sky.a(rtimer.o)
                0x0000000000006536                rtimer_set
 .text.rtimer_run_next
                0x000000000000655a       0x26 contiki-sky.a(rtimer.o)
                0x000000000000655a                rtimer_run_next
 .text.timer_set
                0x0000000000006580       0x1c contiki-sky.a(timer.o)
                0x0000000000006580                timer_set
 .text.timer_reset
                0x000000000000659c        0xe contiki-sky.a(timer.o)
                0x000000000000659c                timer_reset
 .text.timer_expired
                0x00000000000065aa       0x2a contiki-sky.a(timer.o)
                0x00000000000065aa                timer_expired
 .text.process_thread_serial_line_process
                0x00000000000065d4       0x9c contiki-sky.a(serial-line.o)
 .text.serial_line_input_byte
                0x0000000000006670       0x4a contiki-sky.a(serial-line.o)
                0x0000000000006670                serial_line_input_byte
 .text.serial_line_init
                0x00000000000066ba       0x1c contiki-sky.a(serial-line.o)
                0x00000000000066ba                serial_line_init
 .text.list_init
                0x00000000000066d6        0x6 contiki-sky.a(list.o)
                0x00000000000066d6                list_init
 .text.list_head
                0x00000000000066dc        0x4 contiki-sky.a(list.o)
                0x00000000000066dc                list_head
 .text.list_tail
                0x00000000000066e0       0x12 contiki-sky.a(list.o)
                0x00000000000066e0                list_tail
 .text.list_remove
                0x00000000000066f2       0x34 contiki-sky.a(list.o)
                0x00000000000066f2                list_remove
 .text.list_push
                0x0000000000006726       0x1a contiki-sky.a(list.o)
                0x0000000000006726                list_push
 .text.list_add
                0x0000000000006740       0x2a contiki-sky.a(list.o)
                0x0000000000006740                list_add
 .text.list_length
                0x000000000000676a       0x10 contiki-sky.a(list.o)
                0x000000000000676a                list_length
 .text.list_item_next
                0x000000000000677a        0xc contiki-sky.a(list.o)
                0x000000000000677a                list_item_next
 .text.random_init
                0x0000000000006786        0x6 contiki-sky.a(random.o)
                0x0000000000006786                random_init
 .text.random_rand
                0x000000000000678c        0x6 contiki-sky.a(random.o)
                0x000000000000678c                random_rand
 .text.ringbuf_init
                0x0000000000006792       0x14 contiki-sky.a(ringbuf.o)
                0x0000000000006792                ringbuf_init
 .text.ringbuf_put
                0x00000000000067a6       0x38 contiki-sky.a(ringbuf.o)
                0x00000000000067a6                ringbuf_put
 .text.ringbuf_get
                0x00000000000067de       0x34 contiki-sky.a(ringbuf.o)
                0x00000000000067de                ringbuf_get
 .text.input    0x0000000000006812       0x3a contiki-sky.a(rime.o)
 .text.init     0x000000000000684c       0x2e contiki-sky.a(rime.o)
 .text.packet_sent
                0x000000000000687a       0x44 contiki-sky.a(rime.o)
 .text.rime_output
                0x00000000000068be       0x24 contiki-sky.a(rime.o)
                0x00000000000068be                rime_output
 .text.adv_packet_sent
                0x00000000000068e2        0x2 contiki-sky.a(broadcast-annou)
 .text.adv_packet_received
                0x00000000000068e4       0x66 contiki-sky.a(broadcast-annou)
 .text.set_timers
                0x000000000000694a       0x4a contiki-sky.a(broadcast-annou)
 .text.send_timer
                0x0000000000006994       0x36 contiki-sky.a(broadcast-annou)
 .text.new_announcement
                0x00000000000069ca       0x18 contiki-sky.a(broadcast-annou)
 .text.send_adv
                0x00000000000069e2       0x66 contiki-sky.a(broadcast-annou)
 .text.broadcast_announcement_init
                0x0000000000006a48       0x48 contiki-sky.a(broadcast-annou)
                0x0000000000006a48                broadcast_announcement_init
 .text.sent_by_abc
                0x0000000000006a90       0x10 contiki-sky.a(broadcast.o)
 .text.recv_from_abc
                0x0000000000006aa0       0x26 contiki-sky.a(broadcast.o)
 .text.broadcast_open
                0x0000000000006ac6       0x2a contiki-sky.a(broadcast.o)
                0x0000000000006ac6                broadcast_open
 .text.broadcast_send
                0x0000000000006af0       0x1a contiki-sky.a(broadcast.o)
                0x0000000000006af0                broadcast_send
 .text.announcement_init
                0x0000000000006b0a        0xa contiki-sky.a(announcement.o)
                0x0000000000006b0a                announcement_init
 .text.announcement_register
                0x0000000000006b14       0x3e contiki-sky.a(announcement.o)
                0x0000000000006b14                announcement_register
 .text.announcement_set_value
                0x0000000000006b52       0x28 contiki-sky.a(announcement.o)
                0x0000000000006b52                announcement_set_value
 .text.announcement_bump
                0x0000000000006b7a       0x22 contiki-sky.a(announcement.o)
                0x0000000000006b7a                announcement_bump
 .text.announcement_register_observer_callback
                0x0000000000006b9c        0x6 contiki-sky.a(announcement.o)
                0x0000000000006b9c                announcement_register_observer_callback
 .text.announcement_list
                0x0000000000006ba2        0xa contiki-sky.a(announcement.o)
                0x0000000000006ba2                announcement_list
 .text.announcement_heard
                0x0000000000006bac       0x42 contiki-sky.a(announcement.o)
                0x0000000000006bac                announcement_heard
 .text.chameleon_init
                0x0000000000006bee        0x6 contiki-sky.a(chameleon.o)
                0x0000000000006bee                chameleon_init
 .text.chameleon_parse
                0x0000000000006bf4       0x10 contiki-sky.a(chameleon.o)
                0x0000000000006bf4                chameleon_parse
 .text.chameleon_create
                0x0000000000006c04       0x1c contiki-sky.a(chameleon.o)
                0x0000000000006c04                chameleon_create
 .text.chameleon_hdrsize
                0x0000000000006c20        0x6 contiki-sky.a(chameleon.o)
                0x0000000000006c20                chameleon_hdrsize
 .text.channel_init
                0x0000000000006c26        0xa contiki-sky.a(channel.o)
                0x0000000000006c26                channel_init
 .text.channel_open
                0x0000000000006c30       0x10 contiki-sky.a(channel.o)
                0x0000000000006c30                channel_open
 .text.channel_lookup
                0x0000000000006c40       0x20 contiki-sky.a(channel.o)
                0x0000000000006c40                channel_lookup
 .text.channel_set_attributes
                0x0000000000006c60       0x24 contiki-sky.a(channel.o)
                0x0000000000006c60                channel_set_attributes
 .text.send_packet
                0x0000000000006c84       0x3a contiki-sky.a(collect.o)
 .text.enqueue_dummy_packet
                0x0000000000006cbe       0x88 contiki-sky.a(collect.o)
 .text.send_ack
                0x0000000000006d46       0x78 contiki-sky.a(collect.o)
 .text.send_queued_packet
                0x0000000000006dbe       0xc8 contiki-sky.a(collect.o)
 .text.send_next_packet
                0x0000000000006e86       0x2c contiki-sky.a(collect.o)
 .text.update_rtmetric
                0x0000000000006eb2       0xf8 contiki-sky.a(collect.o)
 .text.received_announcement
                0x0000000000006faa       0x9c contiki-sky.a(collect.o)
 .text.set_keepalive_timer
                0x0000000000007046       0x5e contiki-sky.a(collect.o)
 .text.timedout
                0x00000000000070a4       0x38 contiki-sky.a(collect.o)
 .text.retransmit_callback
                0x00000000000070dc       0xcc contiki-sky.a(collect.o)
 .text.retransmit_not_sent_callback
                0x00000000000071a8        0xc contiki-sky.a(collect.o)
 .text.node_packet_sent
                0x00000000000071b4       0x58 contiki-sky.a(collect.o)
 .text.send_keepalive
                0x000000000000720c       0x32 contiki-sky.a(collect.o)
 .text.add_packet_to_recent_packets.part.6
                0x000000000000723e       0x4c contiki-sky.a(collect.o)
 .text.node_packet_received
                0x000000000000728a      0x2f8 contiki-sky.a(collect.o)
 .text.proactive_probing_callback
                0x0000000000007582       0xe8 contiki-sky.a(collect.o)
 .text.collect_open
                0x000000000000766a       0xec contiki-sky.a(collect.o)
                0x000000000000766a                collect_open
 .text.collect_set_sink
                0x0000000000007756       0x68 contiki-sky.a(collect.o)
                0x0000000000007756                collect_set_sink
 .text.collect_send
                0x00000000000077be       0xe8 contiki-sky.a(collect.o)
                0x00000000000077be                collect_send
 .text.abc_open
                0x00000000000078a6       0x26 contiki-sky.a(abc.o)
                0x00000000000078a6                abc_open
 .text.abc_send
                0x00000000000078cc        0x6 contiki-sky.a(abc.o)
                0x00000000000078cc                abc_send
 .text.abc_input
                0x00000000000078d2        0xe contiki-sky.a(abc.o)
                0x00000000000078d2                abc_input
 .text.abc_sent
                0x00000000000078e0       0x10 contiki-sky.a(abc.o)
                0x00000000000078e0                abc_sent
 .text.sent_by_broadcast
                0x00000000000078f0       0x10 contiki-sky.a(unicast.o)
 .text.recv_from_broadcast
                0x0000000000007900       0x2e contiki-sky.a(unicast.o)
 .text.unicast_open
                0x000000000000792e       0x2a contiki-sky.a(unicast.o)
                0x000000000000792e                unicast_open
 .text.unicast_send
                0x0000000000007958       0x16 contiki-sky.a(unicast.o)
                0x0000000000007958                unicast_send
 .text.collect_link_estimate_new
                0x000000000000796e       0x12 contiki-sky.a(collect-link-es)
                0x000000000000796e                collect_link_estimate_new
 .text.collect_link_estimate_update_tx
                0x0000000000007980       0x9e contiki-sky.a(collect-link-es)
                0x0000000000007980                collect_link_estimate_update_tx
 .text.collect_link_estimate_update_tx_fail
                0x0000000000007a1e        0xc contiki-sky.a(collect-link-es)
                0x0000000000007a1e                collect_link_estimate_update_tx_fail
 .text.collect_link_estimate
                0x0000000000007a2a       0x18 contiki-sky.a(collect-link-es)
                0x0000000000007a2a                collect_link_estimate
 .text.collect_link_estimate_num_estimates
                0x0000000000007a42        0xe contiki-sky.a(collect-link-es)
                0x0000000000007a42                collect_link_estimate_num_estimates
 .text.input_packet
                0x0000000000007a50        0x6 contiki-sky.a(csma.o)
 .text.on       0x0000000000007a56        0x6 contiki-sky.a(csma.o)
 .text.off      0x0000000000007a5c        0x6 contiki-sky.a(csma.o)
 .text.channel_check_interval
                0x0000000000007a62       0x10 contiki-sky.a(csma.o)
 .text.transmit_packet_list
                0x0000000000007a72       0x24 contiki-sky.a(csma.o)
 .text.schedule_transmission
                0x0000000000007a96       0x94 contiki-sky.a(csma.o)
 .text.send_packet
                0x0000000000007b2a      0x170 contiki-sky.a(csma.o)
 .text.init     0x0000000000007c9a       0x1a contiki-sky.a(csma.o)
 .text.tx_done  0x0000000000007cb4       0x98 contiki-sky.a(csma.o)
 .text.packet_sent
                0x0000000000007d4c       0xd2 contiki-sky.a(csma.o)
 .text.queuebuf_init
                0x0000000000007e1e       0x12 contiki-sky.a(queuebuf.o)
                0x0000000000007e1e                queuebuf_init
 .text.queuebuf_new_from_packetbuf
                0x0000000000007e30       0x52 contiki-sky.a(queuebuf.o)
                0x0000000000007e30                queuebuf_new_from_packetbuf
 .text.queuebuf_update_attr_from_packetbuf
                0x0000000000007e82       0x12 contiki-sky.a(queuebuf.o)
                0x0000000000007e82                queuebuf_update_attr_from_packetbuf
 .text.queuebuf_update_from_packetbuf
                0x0000000000007e94       0x22 contiki-sky.a(queuebuf.o)
                0x0000000000007e94                queuebuf_update_from_packetbuf
 .text.queuebuf_free
                0x0000000000007eb6       0x2a contiki-sky.a(queuebuf.o)
                0x0000000000007eb6                queuebuf_free
 .text.queuebuf_to_packetbuf
                0x0000000000007ee0       0x32 contiki-sky.a(queuebuf.o)
                0x0000000000007ee0                queuebuf_to_packetbuf
 .text.queuebuf_attr
                0x0000000000007f12        0xe contiki-sky.a(queuebuf.o)
                0x0000000000007f12                queuebuf_attr
 .text.packetbuf_hdrreduce
                0x0000000000007f20       0x1a contiki-sky.a(packetbuf.o)
                0x0000000000007f20                packetbuf_hdrreduce
 .text.packetbuf_set_datalen
                0x0000000000007f3a        0x6 contiki-sky.a(packetbuf.o)
                0x0000000000007f3a                packetbuf_set_datalen
 .text.packetbuf_hdrptr
                0x0000000000007f40        0x6 contiki-sky.a(packetbuf.o)
                0x0000000000007f40                packetbuf_hdrptr
 .text.packetbuf_datalen
                0x0000000000007f46        0x6 contiki-sky.a(packetbuf.o)
                0x0000000000007f46                packetbuf_datalen
 .text.packetbuf_hdrlen
                0x0000000000007f4c        0xa contiki-sky.a(packetbuf.o)
                0x0000000000007f4c                packetbuf_hdrlen
 .text.packetbuf_dataptr
                0x0000000000007f56        0xc contiki-sky.a(packetbuf.o)
                0x0000000000007f56                packetbuf_dataptr
 .text.packetbuf_copyto
                0x0000000000007f62       0x46 contiki-sky.a(packetbuf.o)
                0x0000000000007f62                packetbuf_copyto
 .text.packetbuf_compact
                0x0000000000007fa8       0x36 contiki-sky.a(packetbuf.o)
                0x0000000000007fa8                packetbuf_compact
 .text.packetbuf_totlen
                0x0000000000007fde        0xc contiki-sky.a(packetbuf.o)
                0x0000000000007fde                packetbuf_totlen
 .text.packetbuf_hdralloc
                0x0000000000007fea       0x3a contiki-sky.a(packetbuf.o)
                0x0000000000007fea                packetbuf_hdralloc
 .text.packetbuf_attr_clear
                0x0000000000008024       0x2c contiki-sky.a(packetbuf.o)
                0x0000000000008024                packetbuf_attr_clear
 .text.packetbuf_clear
                0x0000000000008050       0x12 contiki-sky.a(packetbuf.o)
                0x0000000000008050                packetbuf_clear
 .text.packetbuf_copyfrom
                0x0000000000008062       0x2e contiki-sky.a(packetbuf.o)
                0x0000000000008062                packetbuf_copyfrom
 .text.packetbuf_attr_copyto
                0x0000000000008090       0x20 contiki-sky.a(packetbuf.o)
                0x0000000000008090                packetbuf_attr_copyto
 .text.packetbuf_attr_copyfrom
                0x00000000000080b0       0x22 contiki-sky.a(packetbuf.o)
                0x00000000000080b0                packetbuf_attr_copyfrom
 .text.packetbuf_holds_broadcast
                0x00000000000080d2        0xe contiki-sky.a(packetbuf.o)
                0x00000000000080d2                packetbuf_holds_broadcast
 .text.linkaddr_copy
                0x00000000000080e0        0xc contiki-sky.a(linkaddr.o)
                0x00000000000080e0                linkaddr_copy
 .text.linkaddr_cmp
                0x00000000000080ec       0x12 contiki-sky.a(linkaddr.o)
                0x00000000000080ec                linkaddr_cmp
 .text.linkaddr_set_node_addr
                0x00000000000080fe        0xc contiki-sky.a(linkaddr.o)
                0x00000000000080fe                linkaddr_set_node_addr
 .text.duty_cycle
                0x000000000000810a        0x6 contiki-sky.a(contikimac.o)
 .text.init     0x0000000000008110       0x2a contiki-sky.a(contikimac.o)
 .text.on       0x000000000000813a       0x1a contiki-sky.a(contikimac.o)
 .text.off      0x0000000000008154       0x22 contiki-sky.a(contikimac.o)
 .text.recv_burst_off
                0x0000000000008176        0xa contiki-sky.a(contikimac.o)
 .text.turn_off
                0x0000000000008180       0x20 contiki-sky.a(contikimac.o)
 .text.turn_on  0x00000000000081a0       0x30 contiki-sky.a(contikimac.o)
 .text.schedule_powercycle_fixed.part.4
                0x00000000000081d0       0x32 contiki-sky.a(contikimac.o)
 .text.powercycle_turn_radio_off
                0x0000000000008202       0x30 contiki-sky.a(contikimac.o)
 .text.powercycle_wrapper
                0x0000000000008232      0x1c2 contiki-sky.a(contikimac.o)
 .text.input_packet
                0x00000000000083f4       0xb2 contiki-sky.a(contikimac.o)
 .text.send_packet.isra.8
                0x00000000000084a6      0x1ec contiki-sky.a(contikimac.o)
 .text.qsend_list
                0x0000000000008692       0xd2 contiki-sky.a(contikimac.o)
 .text.qsend_packet
                0x0000000000008764       0x28 contiki-sky.a(contikimac.o)
 .text.hdr_length
                0x000000000000878c        0x8 contiki-sky.a(contikimac-fram)
 .text.parse    0x0000000000008794       0x3a contiki-sky.a(contikimac-fram)
 .text.create   0x00000000000087ce       0x74 contiki-sky.a(contikimac-fram)
 .text.init     0x0000000000008842        0x2 contiki-sky.a(nullsec.o)
 .text.send     0x0000000000008844        0xa contiki-sky.a(nullsec.o)
 .text.input    0x000000000000884e        0x6 contiki-sky.a(nullsec.o)
 .text.spi_init
                0x0000000000008854       0x32 contiki-sky.a(spi.o)
                0x0000000000008854                spi_init
 .text.compower_accumulate
                0x0000000000008886       0x72 contiki-sky.a(compower.o)
                0x0000000000008886                compower_accumulate
 .text.compower_clear
                0x00000000000088f8       0x12 contiki-sky.a(compower.o)
                0x00000000000088f8                compower_clear
 .text.compower_attrconv
                0x000000000000890a       0x10 contiki-sky.a(compower.o)
                0x000000000000890a                compower_attrconv
 .text.memb_init
                0x000000000000891a       0x36 contiki-sky.a(memb.o)
                0x000000000000891a                memb_init
 .text.memb_alloc
                0x0000000000008950       0x3e contiki-sky.a(memb.o)
                0x0000000000008950                memb_alloc
 .text.memb_free
                0x000000000000898e       0x3a contiki-sky.a(memb.o)
                0x000000000000898e                memb_free
 .text.memb_inmemb
                0x00000000000089c8       0x2e contiki-sky.a(memb.o)
                0x00000000000089c8                memb_inmemb
 .text.remove_queued_packet
                0x00000000000089f6       0x36 contiki-sky.a(packetqueue.o)
 .text.packetqueue_enqueue_packetbuf
                0x0000000000008a2c       0x7a contiki-sky.a(packetqueue.o)
                0x0000000000008a2c                packetqueue_enqueue_packetbuf
 .text.packetqueue_first
                0x0000000000008aa6        0xa contiki-sky.a(packetqueue.o)
                0x0000000000008aa6                packetqueue_first
 .text.packetqueue_dequeue
                0x0000000000008ab0       0x40 contiki-sky.a(packetqueue.o)
                0x0000000000008ab0                packetqueue_dequeue
 .text.packetqueue_len
                0x0000000000008af0        0xa contiki-sky.a(packetqueue.o)
                0x0000000000008af0                packetqueue_len
 .text.packetqueue_queuebuf
                0x0000000000008afa        0xe contiki-sky.a(packetqueue.o)
                0x0000000000008afa                packetqueue_queuebuf
 .text.get_bits_in_byte
                0x0000000000008b08       0x3a contiki-sky.a(chameleon-bitop)
 .text.header_size
                0x0000000000008b42       0x16 contiki-sky.a(chameleon-bitop)
 .text.get_bits
                0x0000000000008b58       0xa4 contiki-sky.a(chameleon-bitop)
                0x0000000000008b58                get_bits
 .text.unpack_header
                0x0000000000008bfc       0xdc contiki-sky.a(chameleon-bitop)
 .text.set_bits
                0x0000000000008cd8      0x116 contiki-sky.a(chameleon-bitop)
                0x0000000000008cd8                set_bits
 .text.pack_header
                0x0000000000008dee       0xc4 contiki-sky.a(chameleon-bitop)
 .text.periodic
                0x0000000000008eb2       0x8e contiki-sky.a(collect-neighbo)
 .text.collect_neighbor_init
                0x0000000000008f40       0x14 contiki-sky.a(collect-neighbo)
                0x0000000000008f40                collect_neighbor_init
 .text.collect_neighbor_list_new
                0x0000000000008f54       0x32 contiki-sky.a(collect-neighbo)
                0x0000000000008f54                collect_neighbor_list_new
 .text.collect_neighbor_list_find
                0x0000000000008f86       0x3a contiki-sky.a(collect-neighbo)
                0x0000000000008f86                collect_neighbor_list_find
 .text.collect_neighbor_list_add
                0x0000000000008fc0       0xaa contiki-sky.a(collect-neighbo)
                0x0000000000008fc0                collect_neighbor_list_add
 .text.collect_neighbor_list
                0x000000000000906a        0xe contiki-sky.a(collect-neighbo)
                0x000000000000906a                collect_neighbor_list
 .text.collect_neighbor_update_rtmetric
                0x0000000000009078        0xe contiki-sky.a(collect-neighbo)
                0x0000000000009078                collect_neighbor_update_rtmetric
 .text.collect_neighbor_tx_fail
                0x0000000000009086       0x1e contiki-sky.a(collect-neighbo)
                0x0000000000009086                collect_neighbor_tx_fail
 .text.collect_neighbor_tx
                0x00000000000090a4       0x1e contiki-sky.a(collect-neighbo)
                0x00000000000090a4                collect_neighbor_tx
 .text.collect_neighbor_rtmetric_link_estimate
                0x00000000000090c2       0x1c contiki-sky.a(collect-neighbo)
                0x00000000000090c2                collect_neighbor_rtmetric_link_estimate
 .text.collect_neighbor_list_best
                0x00000000000090de       0x4a contiki-sky.a(collect-neighbo)
                0x00000000000090de                collect_neighbor_list_best
 .text.collect_neighbor_rtmetric
                0x0000000000009128        0xe contiki-sky.a(collect-neighbo)
                0x0000000000009128                collect_neighbor_rtmetric
 .text.collect_neighbor_set_congested
                0x0000000000009136       0x14 contiki-sky.a(collect-neighbo)
                0x0000000000009136                collect_neighbor_set_congested
 .text.mac_sequence_is_duplicate
                0x000000000000914a       0x66 contiki-sky.a(mac-sequence.o)
                0x000000000000914a                mac_sequence_is_duplicate
 .text.mac_sequence_register_seqno
                0x00000000000091b0       0x74 contiki-sky.a(mac-sequence.o)
                0x00000000000091b0                mac_sequence_register_seqno
 .text.mac_call_sent_callback
                0x0000000000009224       0x14 contiki-sky.a(mac.o)
                0x0000000000009224                mac_call_sent_callback
 .text.parse    0x0000000000009238       0xb0 contiki-sky.a(framer-802154.o)
 .text.create_frame.isra.0
                0x00000000000092e8      0x114 contiki-sky.a(framer-802154.o)
 .text.create   0x00000000000093fc        0x8 contiki-sky.a(framer-802154.o)
 .text.hdr_length
                0x0000000000009404        0x8 contiki-sky.a(framer-802154.o)
 .text.frame802154_get_pan_id
                0x000000000000940c        0x6 contiki-sky.a(frame802154.o)
                0x000000000000940c                frame802154_get_pan_id
 .text.frame802154_has_panid
                0x0000000000009412       0xdc contiki-sky.a(frame802154.o)
                0x0000000000009412                frame802154_has_panid
 .text.field_len
                0x00000000000094ee       0xb2 contiki-sky.a(frame802154.o)
 .text.frame802154_is_broadcast_addr
                0x00000000000095a0       0x24 contiki-sky.a(frame802154.o)
                0x00000000000095a0                frame802154_is_broadcast_addr
 .text.frame802154_hdrlen
                0x00000000000095c4       0x32 contiki-sky.a(frame802154.o)
                0x00000000000095c4                frame802154_hdrlen
 .text.frame802154_create_fcf
                0x00000000000095f6       0x96 contiki-sky.a(frame802154.o)
                0x00000000000095f6                frame802154_create_fcf
 .text.frame802154_create
                0x000000000000968c       0xe4 contiki-sky.a(frame802154.o)
                0x000000000000968c                frame802154_create
 .text.frame802154_parse_fcf
                0x0000000000009770       0xbe contiki-sky.a(frame802154.o)
                0x0000000000009770                frame802154_parse_fcf
 .text.frame802154_parse
                0x000000000000982e      0x18c contiki-sky.a(frame802154.o)
                0x000000000000982e                frame802154_parse
 .text.libgcc   0x00000000000099ba       0x2c /usr/lib/gcc/msp430/4.6.3/mmpy-16/libgcc.a(_mulsi3.o)
                0x00000000000099ba                __mulsi3
 .text.libgcc   0x00000000000099e6       0x22 /usr/lib/gcc/msp430/4.6.3/mmpy-16/libgcc.a(_udivmod16.o)
                0x00000000000099e6                __udivhi3
                0x00000000000099e6                __ext_udivmod16
                0x0000000000009a00                __umodhi3
 .text.libgcc   0x0000000000009a08       0x40 /usr/lib/gcc/msp430/4.6.3/mmpy-16/libgcc.a(_udivmod32.o)
                0x0000000000009a08                __udivsi3
                0x0000000000009a08                __ext_udivmod32
                0x0000000000009a3e                __umodsi3
 .text          0x0000000000009a48       0x20 /usr/lib/gcc/msp430/4.6.3/../../../../msp430/lib/mmpy-16/libc.a(memcmp.o)
                0x0000000000009a48                memcmp
 .text          0x0000000000009a68       0xfa /usr/lib/gcc/msp430/4.6.3/../../../../msp430/lib/mmpy-16/libc.a(memcpy.o)
                0x0000000000009a68                memcpy
 .text          0x0000000000009b62       0x6a /usr/lib/gcc/msp430/4.6.3/../../../../msp430/lib/mmpy-16/libc.a(memset.o)
                0x0000000000009b62                memset
 .text          0x0000000000009bcc       0x1e /usr/lib/gcc/msp430/4.6.3/../../../../msp430/lib/mmpy-16/libc.a(printf.o)
                0x0000000000009bcc                printf
                0x0000000000009bdc                vprintf
 .text          0x0000000000009bea      0x836 /usr/lib/gcc/msp430/4.6.3/../../../../msp430/lib/mmpy-16/libc.a(vuprintf.o)
                0x0000000000009d82                vuprintf
 .text          0x000000000000a420       0x2c /usr/lib/gcc/msp430/4.6.3/../../../../msp430/lib/mmpy-16/libc.a(puts.o)
                0x000000000000a420                puts
 .text          0x000000000000a44c       0x54 /usr/lib/gcc/msp430/4.6.3/../../../../msp430/lib/mmpy-16/libc.a(rand.o)
                0x000000000000a44c                rand_r
                0x000000000000a470                rand
                0x000000000000a496                srand
 .text.libgcc   0x000000000000a4a0       0xf0 /usr/lib/gcc/msp430/4.6.3/mmpy-16/libgcc.a(_udivmod64.o)
                0x000000000000a4a0                __xabi_udivmod64
                0x000000000000a4fe                __udivdi3
                0x000000000000a524                __umoddi3
                0x000000000000a552                __udivmoddi4
 .text.crt0     0x000000000000a590        0x2 /usr/lib/gcc/msp430/4.6.3/mmpy-16/libcrt0.a(_unexpected_.o)
                0x000000000000a590                _unexpected_
                0x000000000000a592                . = ALIGN (0x2)

.rodata         0x000000000000a592      0x336
                0x000000000000a592                . = ALIGN (0x2)
 *(.rodata .rodata.* .gnu.linkonce.r.*)
 .rodata        0x000000000000a592       0xca app-collect.co
                0x000000000000a64c                autostart_processes
 .rodata        0x000000000000a65c       0x2f obj_sky/simple-energest.o
 .rodata        0x000000000000a68b       0xe7 obj_sky/contiki-sky-main.o
 .rodata        0x000000000000a772       0x10 contiki-sky.a(button-sensor.o)
                0x000000000000a77a                button_sensor
 .rodata        0x000000000000a782        0x8 contiki-sky.a(sensors.o)
 .rodata        0x000000000000a78a       0x70 contiki-sky.a(cc2420.o)
                0x000000000000a7bc                cc2420_aes_128_driver
                0x000000000000a7c0                cc2420_driver
 .rodata        0x000000000000a7fa        0xc contiki-sky.a(etimer.o)
 .rodata        0x000000000000a806        0xf contiki-sky.a(ctimer.o)
 .rodata        0x000000000000a815        0xe contiki-sky.a(serial-line.o)
 *fill*         0x000000000000a823        0x1 00
 .rodata        0x000000000000a824        0xc contiki-sky.a(rime.o)
                0x000000000000a82a                rime_driver
 .rodata        0x000000000000a830        0x4 contiki-sky.a(broadcast-annou)
 .rodata        0x000000000000a834        0x8 contiki-sky.a(broadcast.o)
 .rodata        0x000000000000a83c       0x18 contiki-sky.a(collect.o)
 .rodata        0x000000000000a854        0x2 contiki-sky.a(abc.o)
 .rodata        0x000000000000a856        0xa contiki-sky.a(unicast.o)
 .rodata        0x000000000000a860       0x14 contiki-sky.a(csma.o)
                0x000000000000a866                csma_driver
 .rodata        0x000000000000a874        0x2 contiki-sky.a(linkaddr.o)
                0x000000000000a874                linkaddr_null
 .rodata        0x000000000000a876       0x1c contiki-sky.a(contikimac.o)
                0x000000000000a882                contikimac_driver
 .rodata        0x000000000000a892        0x6 contiki-sky.a(contikimac-fram)
                0x000000000000a892                contikimac_framer
 .rodata        0x000000000000a898       0x10 contiki-sky.a(nullsec.o)
                0x000000000000a8a0                nullsec_driver
 .rodata        0x000000000000a8a8       0x10 contiki-sky.a(chameleon-bitop)
                0x000000000000a8a8                chameleon_bitopt
 .rodata        0x000000000000a8b8        0x6 contiki-sky.a(framer-802154.o)
                0x000000000000a8b8                framer_802154
 .rodata        0x000000000000a8be        0x2 contiki-sky.a(frame802154.o)
 .rodata        0x000000000000a8c0        0x7 /usr/lib/gcc/msp430/4.6.3/../../../../msp430/lib/mmpy-16/libc.a(vuprintf.o)
                0x000000000000a8c8                . = ALIGN (0x2)
 *fill*         0x000000000000a8c7        0x1 00
                0x000000000000a8c8                _etext = .

.data           0x0000000000001100       0x90 load address 0x000000000000a8c8
                0x0000000000001100                . = ALIGN (0x2)
                0x0000000000001100                PROVIDE (__data_start, .)
 *(.data .data.* .gnu.linkonce.d.*)
 .data          0x0000000000001100        0xe app-collect.co
                0x0000000000001100                cb
                0x0000000000001102                app_process
                0x000000000000110c                sink
 .data          0x000000000000110e        0xa obj_sky/simple-energest.o
                0x000000000000110e                energest_process
 .data          0x0000000000001118        0x4 contiki-sky.a(contiki-sky-pla)
                0x0000000000001118                sensors
 .data          0x000000000000111c        0xa contiki-sky.a(sensors.o)
                0x000000000000111c                sensors_process
 .data          0x0000000000001126        0xc contiki-sky.a(cc2420.o)
                0x0000000000001126                cc2420_process
 .data          0x0000000000001132        0x2 contiki-sky.a(msp430.o)
 .data          0x0000000000001134        0xa contiki-sky.a(etimer.o)
                0x0000000000001134                etimer_process
 .data          0x000000000000113e        0xa contiki-sky.a(ctimer.o)
                0x000000000000113e                ctimer_process
 .data          0x0000000000001148        0xa contiki-sky.a(serial-line.o)
                0x0000000000001148                serial_line_process
 .data          0x0000000000001152        0x8 contiki-sky.a(collect.o)
 .data          0x000000000000115a       0x18 contiki-sky.a(csma.o)
 .data          0x0000000000001172       0x10 contiki-sky.a(queuebuf.o)
 .data          0x0000000000001182        0x8 contiki-sky.a(collect-neighbo)
 .data          0x000000000000118a        0x2 contiki-sky.a(frame802154.o)
 .data          0x000000000000118c        0x4 /usr/lib/gcc/msp430/4.6.3/../../../../msp430/lib/mmpy-16/libc.a(rand.o)
                0x0000000000001190                . = ALIGN (0x2)
                0x0000000000001190                _edata = .
                0x000000000000a8c8                PROVIDE (__data_load_start, LOADADDR (.data))
                0x0000000000000090                PROVIDE (__data_size, SIZEOF (.data))

.bss            0x0000000000001190     0x17bc load address 0x000000000000a958
                0x0000000000001190                PROVIDE (__bss_start, .)
 *(.bss .bss.*)
 .bss           0x0000000000001190       0xb8 app-collect.co
 .bss           0x0000000000001248       0x3e obj_sky/simple-energest.o
 .bss           0x0000000000001286        0xc obj_sky/contiki-sky-main.o
 .bss           0x0000000000001292        0x8 contiki-sky.a(button-sensor.o)
 .bss           0x000000000000129a        0x2 contiki-sky.a(node-id.o)
                0x000000000000129a                node_id
 .bss           0x000000000000129c        0x6 contiki-sky.a(sensors.o)
 .bss           0x00000000000012a2        0xa contiki-sky.a(cc2420.o)
 .bss           0x00000000000012ac       0x9a contiki-sky.a(uart1.o)
 .bss           0x0000000000001346        0xa contiki-sky.a(clock.o)
 .bss           0x0000000000001350        0x1 contiki-sky.a(leds.o)
 *fill*         0x0000000000001351        0x1 00
 .bss           0x0000000000001352        0x2 contiki-sky.a(watchdog.o)
 .bss           0x0000000000001354        0x6 contiki-sky.a(etimer.o)
 .bss           0x000000000000135a        0x4 contiki-sky.a(ctimer.o)
 .bss           0x000000000000135e       0x38 contiki-sky.a(process.o)
                0x000000000000135e                process_current
                0x0000000000001360                process_list
 .bss           0x0000000000001396        0x2 contiki-sky.a(rtimer.o)
 .bss           0x0000000000001398      0x10a contiki-sky.a(serial-line.o)
 .bss           0x00000000000014a2        0x2 contiki-sky.a(rime.o)
 .bss           0x00000000000014a4       0x46 contiki-sky.a(broadcast-annou)
 .bss           0x00000000000014ea        0x6 contiki-sky.a(announcement.o)
 .bss           0x00000000000014f0        0x2 contiki-sky.a(channel.o)
 .bss           0x00000000000014f2      0x1be contiki-sky.a(collect.o)
 .bss           0x00000000000016b0      0x124 contiki-sky.a(csma.o)
 .bss           0x00000000000017d4      0xc20 contiki-sky.a(queuebuf.o)
 .bss           0x00000000000023f4       0x86 contiki-sky.a(packetbuf.o)
 .bss           0x000000000000247a       0x32 contiki-sky.a(contikimac.o)
 .bss           0x00000000000024ac        0x8 contiki-sky.a(compower.o)
 .bss           0x00000000000024b4      0x322 contiki-sky.a(collect-neighbo)
 .bss           0x00000000000027d6       0x80 contiki-sky.a(mac-sequence.o)
 .bss           0x0000000000002856        0x2 contiki-sky.a(framer-802154.o)
 *(COMMON)
 COMMON         0x0000000000002858        0x2 contiki-sky.a(contiki-sky-pla)
                0x0000000000002858                sensors_flags
 COMMON         0x000000000000285a        0x8 contiki-sky.a(ds2411.o)
                0x000000000000285a                ds2411_id
 COMMON         0x0000000000002862        0x1 contiki-sky.a(sensors.o)
                0x0000000000002862                sensors_event
 *fill*         0x0000000000002863        0x1 00
 COMMON         0x0000000000002864       0x10 contiki-sky.a(cc2420.o)
                0x0000000000002864                cc2420_last_rssi
                0x0000000000002866                cc2420_sfd_start_time
                0x0000000000002868                cc2420_time_of_departure
                0x000000000000286a                cc2420_time_of_arrival
                0x000000000000286c                cc2420_last_correlation
                0x000000000000286e                cc2420_authority_level_of_sender
                0x0000000000002870                cc2420_sfd_counter
                0x0000000000002872                cc2420_sfd_end_time
 COMMON         0x0000000000002874        0x2 contiki-sky.a(msp430.o)
                0x0000000000002874                msp430_dco_required
 COMMON         0x0000000000002876       0x56 contiki-sky.a(energest.o)
                0x0000000000002876                energest_total_time
                0x00000000000028a6                energest_total_count
                0x00000000000028a8                energest_current_mode
                0x00000000000028b4                energest_current_time
 COMMON         0x00000000000028cc        0x1 contiki-sky.a(process.o)
                0x00000000000028cc                process_maxevents
 COMMON         0x00000000000028cd        0x1 contiki-sky.a(serial-line.o)
                0x00000000000028cd                serial_line_event_message
 COMMON         0x00000000000028ce       0x38 contiki-sky.a(collect.o)
                0x00000000000028ce                stats
 COMMON         0x0000000000002906       0x3c contiki-sky.a(packetbuf.o)
                0x0000000000002906                packetbuf_addrs
                0x000000000000290e                packetbuf_attrs
 COMMON         0x0000000000002942        0x2 contiki-sky.a(linkaddr.o)
                0x0000000000002942                linkaddr_node_addr
 COMMON         0x0000000000002944        0x8 contiki-sky.a(compower.o)
                0x0000000000002944                compower_idle_activity
                0x000000000000294c                . = ALIGN (0x2)
                0x000000000000294c                PROVIDE (__bss_end, .)
                0x00000000000017bc                PROVIDE (__bss_size, SIZEOF (.bss))

.noinit         0x000000000000294c        0x2 load address 0x000000000000a958
                0x000000000000294c                PROVIDE (__noinit_start, .)
 *(.noinit .noinit.*)
 .noinit.crt0   0x000000000000294c        0x2 /usr/lib/gcc/msp430/4.6.3/mmpy-16/libcrt0.a(__watchdog_support.o)
                0x000000000000294c                __wdt_clear_value
                0x000000000000294e                . = ALIGN (0x2)
                0x000000000000294e                PROVIDE (__noinit_end, .)
                0x000000000000294e                . = ALIGN (0x2)
                0x000000000000294e                _end = .

.infomem        0x0000000000001000        0x0
 *(.infomem)
                0x0000000000001000                . = ALIGN (0x2)
 *(.infomem.*)

.infomemnobits  0x0000000000001000        0x0
 *(.infomemnobits)
                0x0000000000001000                . = ALIGN (0x2)
 *(.infomemnobits.*)

.infoa
 *(.infoa .infoa.*)

.infob
 *(.infob .infob.*)

.infoc
 *(.infoc .infoc.*)

.infod
 *(.infod .infod.*)

.vectors        0x000000000000ffe0       0x20
                0x000000000000ffe0                PROVIDE (__vectors_start, .)
 *(.vectors*)
 .vectors       0x000000000000ffe0       0x20 /usr/lib/gcc/msp430/4.6.3/mmpy-16/crt0ivtbl16.o
                0x000000000000ffe0                __ivtbl_16
                0x0000000000010000                _vectors_end = .

.fartext        0x0000000000000000        0x0
                0x0000000000000000                . = ALIGN (0x2)
 *(.fartext)
                0x0000000000000000                . = ALIGN (0x2)
 *(.fartext.*)
                0x0000000000000000                _efartext = .

.profiler
 *(.profiler)

.stab           0x0000000000000000    0x1f314
 *(.stab)
 .stab          0x0000000000000000     0x13bc app-collect.co
 .stab          0x00000000000013bc      0xf30 obj_sky/my_collect.o
                                       0x168c (size before relaxing)
 .stab          0x00000000000022ec      0x510 obj_sky/simple-energest.o
                                        0xa38 (size before relaxing)
 .stab          0x00000000000027fc      0x2c4 obj_sky/deployment.o
                                        0x810 (size before relaxing)
 .stab          0x0000000000002ac0      0xf18 obj_sky/contiki-sky-main.o
                                       0x17a0 (size before relaxing)
 .stab          0x00000000000039d8      0x264 contiki-sky.a(contiki-sky-pla)
                                        0x5b8 (size before relaxing)
 .stab          0x0000000000003c3c      0x468 contiki-sky.a(button-sensor.o)
                                        0x7d4 (size before relaxing)
 .stab          0x00000000000040a4      0x624 contiki-sky.a(ds2411.o)
                                        0xb40 (size before relaxing)
 .stab          0x00000000000046c8      0xa38 contiki-sky.a(xmem.o)
                                        0xf60 (size before relaxing)
 .stab          0x0000000000005100      0x2b8 contiki-sky.a(node-id.o)
                                        0x4e0 (size before relaxing)
 .stab          0x00000000000053b8      0x654 contiki-sky.a(sensors.o)
                                        0xb70 (size before relaxing)
 .stab          0x0000000000005a0c     0x28d4 contiki-sky.a(cc2420.o)
                                       0x3030 (size before relaxing)
 .stab          0x00000000000082e0      0xa68 contiki-sky.a(cc2420-arch.o)
                                       0x13f8 (size before relaxing)
 .stab          0x0000000000008d48      0x60c contiki-sky.a(uart1.o)
                                        0x960 (size before relaxing)
 .stab          0x0000000000009354      0x234 contiki-sky.a(uart1-putchar.o)
                                        0x588 (size before relaxing)
 .stab          0x0000000000009588      0x744 contiki-sky.a(msp430.o)
                                        0xa98 (size before relaxing)
 .stab          0x0000000000009ccc      0x948 contiki-sky.a(clock.o)
                                        0xc9c (size before relaxing)
 .stab          0x000000000000a614      0x5dc contiki-sky.a(leds.o)
                                        0x828 (size before relaxing)
 .stab          0x000000000000abf0      0x3a8 contiki-sky.a(leds-arch.o)
                                        0x6fc (size before relaxing)
 .stab          0x000000000000af98      0x3fc contiki-sky.a(watchdog.o)
                                        0x750 (size before relaxing)
 .stab          0x000000000000b394      0x3cc contiki-sky.a(rtimer-arch.o)
                                        0x720 (size before relaxing)
 .stab          0x000000000000b760      0x294 contiki-sky.a(autostart.o)
                                        0x534 (size before relaxing)
 .stab          0x000000000000b9f4      0x474 contiki-sky.a(energest.o)
                                        0x6fc (size before relaxing)
 .stab          0x000000000000be68      0xabc contiki-sky.a(etimer.o)
                                        0xd8c (size before relaxing)
 .stab          0x000000000000c924      0x858 contiki-sky.a(ctimer.o)
                                        0xbc4 (size before relaxing)
 .stab          0x000000000000d17c      0xba0 contiki-sky.a(process.o)
                                       0x1038 (size before relaxing)
 .stab          0x000000000000dd1c      0x3d8 contiki-sky.a(rtimer.o)
                                        0x6c0 (size before relaxing)
 .stab          0x000000000000e0f4      0x354 contiki-sky.a(timer.o)
                                        0x594 (size before relaxing)
 .stab          0x000000000000e448      0x534 contiki-sky.a(serial-line.o)
                                        0xa50 (size before relaxing)
 .stab          0x000000000000e97c      0x7f8 contiki-sky.a(list.o)
                                        0x804 (size before relaxing)
 .stab          0x000000000000f174      0x24c contiki-sky.a(random.o)
                                        0x624 (size before relaxing)
 .stab          0x000000000000f3c0      0x3fc contiki-sky.a(ringbuf.o)
                                        0x63c (size before relaxing)
 .stab          0x000000000000f7bc      0x8e8 contiki-sky.a(rime.o)
                                       0x1410 (size before relaxing)
 .stab          0x00000000000100a4      0x948 contiki-sky.a(broadcast-annou)
                                       0x15c0 (size before relaxing)
 .stab          0x00000000000109ec      0x6d8 contiki-sky.a(broadcast.o)
                                       0x1500 (size before relaxing)
 .stab          0x00000000000110c4      0x6e4 contiki-sky.a(announcement.o)
                                        0x984 (size before relaxing)
 .stab          0x00000000000117a8      0x5e8 contiki-sky.a(chameleon.o)
                                       0x123c (size before relaxing)
 .stab          0x0000000000011d90      0x624 contiki-sky.a(channel.o)
                                       0x129c (size before relaxing)
 .stab          0x00000000000123b4     0x1f74 contiki-sky.a(collect.o)
                                       0x2c7c (size before relaxing)
 .stab          0x0000000000014328      0x66c contiki-sky.a(abc.o)
                                       0x1494 (size before relaxing)
 .stab          0x0000000000014994      0x624 contiki-sky.a(unicast.o)
                                       0x129c (size before relaxing)
 .stab          0x0000000000014fb8      0x5e8 contiki-sky.a(collect-link-es)
                                       0x1014 (size before relaxing)
 .stab          0x00000000000155a0      0xcf0 contiki-sky.a(csma.o)
                                       0x1680 (size before relaxing)
 .stab          0x0000000000016290      0xa5c contiki-sky.a(queuebuf.o)
                                       0x1884 (size before relaxing)
 .stab          0x0000000000016cec      0xc60 contiki-sky.a(packetbuf.o)
                                       0x1aa0 (size before relaxing)
 .stab          0x000000000001794c      0x2c4 contiki-sky.a(linkaddr.o)
                                        0x6c0 (size before relaxing)
 .stab          0x0000000000017c10     0x1728 contiki-sky.a(contikimac.o)
                                       0x22ec (size before relaxing)
 .stab          0x0000000000019338      0x81c contiki-sky.a(contikimac-fram)
                                        0xe58 (size before relaxing)
 .stab          0x0000000000019b54      0x3c0 contiki-sky.a(nullsec.o)
                                        0xcf0 (size before relaxing)
 .stab          0x0000000000019f14      0x204 contiki-sky.a(spi.o)
                                        0x42c (size before relaxing)
 .stab          0x000000000001a118      0x51c contiki-sky.a(compower.o)
                                        0xd20 (size before relaxing)
 .stab          0x000000000001a634      0x5c4 contiki-sky.a(memb.o)
                                        0xaf8 (size before relaxing)
 .stab          0x000000000001abf8      0x8ac contiki-sky.a(packetqueue.o)
                                        0xf84 (size before relaxing)
 .stab          0x000000000001b4a4      0xd80 contiki-sky.a(chameleon-bitop)
                                       0x19f8 (size before relaxing)
 .stab          0x000000000001c224      0xffc contiki-sky.a(collect-neighbo)
                                       0x1a64 (size before relaxing)
 .stab          0x000000000001d220      0x630 contiki-sky.a(mac-sequence.o)
                                       0x1470 (size before relaxing)
 .stab          0x000000000001d850      0x1f8 contiki-sky.a(mac.o)
                                        0x4ec (size before relaxing)
 .stab          0x000000000001da48      0x6f0 contiki-sky.a(framer-802154.o)
                                        0xf30 (size before relaxing)
 .stab          0x000000000001e138     0x11dc contiki-sky.a(frame802154.o)
                                       0x19c8 (size before relaxing)

.stabstr        0x0000000000000000    0x17f3f
 *(.stabstr)
 .stabstr       0x0000000000000000    0x17f3f app-collect.co

.stab.excl
 *(.stab.excl)

.stab.exclstr
 *(.stab.exclstr)

.stab.index
 *(.stab.index)

.stab.indexstr
 *(.stab.indexstr)

.comment
 *(.comment)

.debug
 *(.debug)

.line
 *(.line)

.debug_srcinfo
 *(.debug_srcinfo)

.debug_sfnames
 *(.debug_sfnames)

.debug_aranges  0x0000000000000000      0x168
 *(.debug_aranges)
 .debug_aranges
                0x0000000000000000       0x14 /usr/lib/gcc/msp430/4.6.3/mmpy-16/libgcc.a(_mulsi3.o)
 .debug_aranges
                0x0000000000000014       0x14 /usr/lib/gcc/msp430/4.6.3/mmpy-16/libgcc.a(_udivmod16.o)
 .debug_aranges
                0x0000000000000028       0x14 /usr/lib/gcc/msp430/4.6.3/mmpy-16/libgcc.a(_udivmod32.o)
 .debug_aranges
                0x000000000000003c       0x14 /usr/lib/gcc/msp430/4.6.3/../../../../msp430/lib/mmpy-16/libc.a(strncmp.o)
 .debug_aranges
                0x0000000000000050       0x14 /usr/lib/gcc/msp430/4.6.3/../../../../msp430/lib/mmpy-16/libc.a(memcmp.o)
 .debug_aranges
                0x0000000000000064       0x14 /usr/lib/gcc/msp430/4.6.3/../../../../msp430/lib/mmpy-16/libc.a(memcpy.o)
 .debug_aranges
                0x0000000000000078       0x14 /usr/lib/gcc/msp430/4.6.3/../../../../msp430/lib/mmpy-16/libc.a(memset.o)
 .debug_aranges
                0x000000000000008c       0x14 /usr/lib/gcc/msp430/4.6.3/../../../../msp430/lib/mmpy-16/libc.a(printf.o)
 .debug_aranges
                0x00000000000000a0       0x14 /usr/lib/gcc/msp430/4.6.3/../../../../msp430/lib/mmpy-16/libc.a(vuprintf.o)
 .debug_aranges
                0x00000000000000b4       0x14 /usr/lib/gcc/msp430/4.6.3/../../../../msp430/lib/mmpy-16/libc.a(puts.o)
 .debug_aranges
                0x00000000000000c8       0x14 /usr/lib/gcc/msp430/4.6.3/../../../../msp430/lib/mmpy-16/libc.a(rand.o)
 .debug_aranges
                0x00000000000000dc       0x14 /usr/lib/gcc/msp430/4.6.3/mmpy-16/libgcc.a(_udivmod64.o)
 .debug_aranges
                0x00000000000000f0       0x14 /usr/lib/gcc/msp430/4.6.3/mmpy-16/libcrt0.a(__watchdog_support.o)
 .debug_aranges
                0x0000000000000104       0x14 /usr/lib/gcc/msp430/4.6.3/mmpy-16/libcrt0.a(__init_stack.o)
 .debug_aranges
                0x0000000000000118       0x14 /usr/lib/gcc/msp430/4.6.3/mmpy-16/libcrt0.a(_copy_data.o)
 .debug_aranges
                0x000000000000012c       0x14 /usr/lib/gcc/msp430/4.6.3/mmpy-16/libcrt0.a(_clear_bss.o)
 .debug_aranges
                0x0000000000000140       0x14 /usr/lib/gcc/msp430/4.6.3/mmpy-16/libcrt0.a(_endless_loop__.o)
 .debug_aranges
                0x0000000000000154       0x14 /usr/lib/gcc/msp430/4.6.3/mmpy-16/libcrt0.a(_unexpected_.o)

.debug_pubnames
 *(.debug_pubnames)

.debug_info     0x0000000000000000     0x12e7
 *(.debug_info)
 .debug_info    0x0000000000000000       0xc4 /usr/lib/gcc/msp430/4.6.3/mmpy-16/libgcc.a(_mulsi3.o)
 .debug_info    0x00000000000000c4       0xc4 /usr/lib/gcc/msp430/4.6.3/mmpy-16/libgcc.a(_udivmod16.o)
 .debug_info    0x0000000000000188       0xc4 /usr/lib/gcc/msp430/4.6.3/mmpy-16/libgcc.a(_udivmod32.o)
 .debug_info    0x000000000000024c       0xbb /usr/lib/gcc/msp430/4.6.3/../../../../msp430/lib/mmpy-16/libc.a(strncmp.o)
 .debug_info    0x0000000000000307       0xe8 /usr/lib/gcc/msp430/4.6.3/../../../../msp430/lib/mmpy-16/libc.a(memcmp.o)
 .debug_info    0x00000000000003ef      0x113 /usr/lib/gcc/msp430/4.6.3/../../../../msp430/lib/mmpy-16/libc.a(memcpy.o)
 .debug_info    0x0000000000000502       0xfe /usr/lib/gcc/msp430/4.6.3/../../../../msp430/lib/mmpy-16/libc.a(memset.o)
 .debug_info    0x0000000000000600      0x105 /usr/lib/gcc/msp430/4.6.3/../../../../msp430/lib/mmpy-16/libc.a(printf.o)
 .debug_info    0x0000000000000705      0x565 /usr/lib/gcc/msp430/4.6.3/../../../../msp430/lib/mmpy-16/libc.a(vuprintf.o)
 .debug_info    0x0000000000000c6a       0x96 /usr/lib/gcc/msp430/4.6.3/../../../../msp430/lib/mmpy-16/libc.a(puts.o)
 .debug_info    0x0000000000000d00      0x13f /usr/lib/gcc/msp430/4.6.3/../../../../msp430/lib/mmpy-16/libc.a(rand.o)
 .debug_info    0x0000000000000e3f       0xc4 /usr/lib/gcc/msp430/4.6.3/mmpy-16/libgcc.a(_udivmod64.o)
 .debug_info    0x0000000000000f03       0xa6 /usr/lib/gcc/msp430/4.6.3/mmpy-16/libcrt0.a(__watchdog_support.o)
 .debug_info    0x0000000000000fa9       0xa6 /usr/lib/gcc/msp430/4.6.3/mmpy-16/libcrt0.a(__init_stack.o)
 .debug_info    0x000000000000104f       0xa6 /usr/lib/gcc/msp430/4.6.3/mmpy-16/libcrt0.a(_copy_data.o)
 .debug_info    0x00000000000010f5       0xa6 /usr/lib/gcc/msp430/4.6.3/mmpy-16/libcrt0.a(_clear_bss.o)
 .debug_info    0x000000000000119b       0xa6 /usr/lib/gcc/msp430/4.6.3/mmpy-16/libcrt0.a(_endless_loop__.o)
 .debug_info    0x0000000000001241       0xa6 /usr/lib/gcc/msp430/4.6.3/mmpy-16/libcrt0.a(_unexpected_.o)
 *(.gnu.linkonce.wi.*)

.debug_abbrev   0x0000000000000000      0x721
 *(.debug_abbrev)
 .debug_abbrev  0x0000000000000000       0x14 /usr/lib/gcc/msp430/4.6.3/mmpy-16/libgcc.a(_mulsi3.o)
 .debug_abbrev  0x0000000000000014       0x14 /usr/lib/gcc/msp430/4.6.3/mmpy-16/libgcc.a(_udivmod16.o)
 .debug_abbrev  0x0000000000000028       0x14 /usr/lib/gcc/msp430/4.6.3/mmpy-16/libgcc.a(_udivmod32.o)
 .debug_abbrev  0x000000000000003c       0x7c /usr/lib/gcc/msp430/4.6.3/../../../../msp430/lib/mmpy-16/libc.a(strncmp.o)
 .debug_abbrev  0x00000000000000b8       0x9b /usr/lib/gcc/msp430/4.6.3/../../../../msp430/lib/mmpy-16/libc.a(memcmp.o)
 .debug_abbrev  0x0000000000000153       0x97 /usr/lib/gcc/msp430/4.6.3/../../../../msp430/lib/mmpy-16/libc.a(memcpy.o)
 .debug_abbrev  0x00000000000001ea       0x9c /usr/lib/gcc/msp430/4.6.3/../../../../msp430/lib/mmpy-16/libc.a(memset.o)
 .debug_abbrev  0x0000000000000286       0xd0 /usr/lib/gcc/msp430/4.6.3/../../../../msp430/lib/mmpy-16/libc.a(printf.o)
 .debug_abbrev  0x0000000000000356      0x1ef /usr/lib/gcc/msp430/4.6.3/../../../../msp430/lib/mmpy-16/libc.a(vuprintf.o)
 .debug_abbrev  0x0000000000000545       0x60 /usr/lib/gcc/msp430/4.6.3/../../../../msp430/lib/mmpy-16/libc.a(puts.o)
 .debug_abbrev  0x00000000000005a5       0xf0 /usr/lib/gcc/msp430/4.6.3/../../../../msp430/lib/mmpy-16/libc.a(rand.o)
 .debug_abbrev  0x0000000000000695       0x14 /usr/lib/gcc/msp430/4.6.3/mmpy-16/libgcc.a(_udivmod64.o)
 .debug_abbrev  0x00000000000006a9       0x14 /usr/lib/gcc/msp430/4.6.3/mmpy-16/libcrt0.a(__watchdog_support.o)
 .debug_abbrev  0x00000000000006bd       0x14 /usr/lib/gcc/msp430/4.6.3/mmpy-16/libcrt0.a(__init_stack.o)
 .debug_abbrev  0x00000000000006d1       0x14 /usr/lib/gcc/msp430/4.6.3/mmpy-16/libcrt0.a(_copy_data.o)
 .debug_abbrev  0x00000000000006e5       0x14 /usr/lib/gcc/msp430/4.6.3/mmpy-16/libcrt0.a(_clear_bss.o)
 .debug_abbrev  0x00000000000006f9       0x14 /usr/lib/gcc/msp430/4.6.3/mmpy-16/libcrt0.a(_endless_loop__.o)
 .debug_abbrev  0x000000000000070d       0x14 /usr/lib/gcc/msp430/4.6.3/mmpy-16/libcrt0.a(_unexpected_.o)

.debug_line     0x0000000000000000      0xc15
 *(.debug_line)
 .debug_line    0x0000000000000000       0x9a /usr/lib/gcc/msp430/4.6.3/mmpy-16/libgcc.a(_mulsi3.o)
 .debug_line    0x000000000000009a       0x93 /usr/lib/gcc/msp430/4.6.3/mmpy-16/libgcc.a(_udivmod16.o)
 .debug_line    0x000000000000012d       0xa2 /usr/lib/gcc/msp430/4.6.3/mmpy-16/libgcc.a(_udivmod32.o)
 .debug_line    0x00000000000001cf       0x75 /usr/lib/gcc/msp430/4.6.3/../../../../msp430/lib/mmpy-16/libc.a(strncmp.o)
 .debug_line    0x0000000000000244       0x73 /usr/lib/gcc/msp430/4.6.3/../../../../msp430/lib/mmpy-16/libc.a(memcmp.o)
 .debug_line    0x00000000000002b7       0xe9 /usr/lib/gcc/msp430/4.6.3/../../../../msp430/lib/mmpy-16/libc.a(memcpy.o)
 .debug_line    0x00000000000003a0       0xc8 /usr/lib/gcc/msp430/4.6.3/../../../../msp430/lib/mmpy-16/libc.a(memset.o)
 .debug_line    0x0000000000000468       0x72 /usr/lib/gcc/msp430/4.6.3/../../../../msp430/lib/mmpy-16/libc.a(printf.o)
 .debug_line    0x00000000000004da      0x2d2 /usr/lib/gcc/msp430/4.6.3/../../../../msp430/lib/mmpy-16/libc.a(vuprintf.o)
 .debug_line    0x00000000000007ac       0x4d /usr/lib/gcc/msp430/4.6.3/../../../../msp430/lib/mmpy-16/libc.a(puts.o)
 .debug_line    0x00000000000007f9       0x4f /usr/lib/gcc/msp430/4.6.3/../../../../msp430/lib/mmpy-16/libc.a(rand.o)
 .debug_line    0x0000000000000848       0xe8 /usr/lib/gcc/msp430/4.6.3/mmpy-16/libgcc.a(_udivmod64.o)
 .debug_line    0x0000000000000930       0x7b /usr/lib/gcc/msp430/4.6.3/mmpy-16/libcrt0.a(__watchdog_support.o)
 .debug_line    0x00000000000009ab       0x79 /usr/lib/gcc/msp430/4.6.3/mmpy-16/libcrt0.a(__init_stack.o)
 .debug_line    0x0000000000000a24       0x7f /usr/lib/gcc/msp430/4.6.3/mmpy-16/libcrt0.a(_copy_data.o)
 .debug_line    0x0000000000000aa3       0x7f /usr/lib/gcc/msp430/4.6.3/mmpy-16/libcrt0.a(_clear_bss.o)
 .debug_line    0x0000000000000b22       0x7a /usr/lib/gcc/msp430/4.6.3/mmpy-16/libcrt0.a(_endless_loop__.o)
 .debug_line    0x0000000000000b9c       0x79 /usr/lib/gcc/msp430/4.6.3/mmpy-16/libcrt0.a(_unexpected_.o)

.debug_frame    0x0000000000000000      0x1ec
 *(.debug_frame)
 .debug_frame   0x0000000000000000       0x24 /usr/lib/gcc/msp430/4.6.3/../../../../msp430/lib/mmpy-16/libc.a(strncmp.o)
 .debug_frame   0x0000000000000024       0x24 /usr/lib/gcc/msp430/4.6.3/../../../../msp430/lib/mmpy-16/libc.a(memcmp.o)
 .debug_frame   0x0000000000000048       0x38 /usr/lib/gcc/msp430/4.6.3/../../../../msp430/lib/mmpy-16/libc.a(memcpy.o)
 .debug_frame   0x0000000000000080       0x32 /usr/lib/gcc/msp430/4.6.3/../../../../msp430/lib/mmpy-16/libc.a(memset.o)
 .debug_frame   0x00000000000000b2       0x2a /usr/lib/gcc/msp430/4.6.3/../../../../msp430/lib/mmpy-16/libc.a(printf.o)
 .debug_frame   0x00000000000000dc       0xb0 /usr/lib/gcc/msp430/4.6.3/../../../../msp430/lib/mmpy-16/libc.a(vuprintf.o)
 .debug_frame   0x000000000000018c       0x24 /usr/lib/gcc/msp430/4.6.3/../../../../msp430/lib/mmpy-16/libc.a(puts.o)
 .debug_frame   0x00000000000001b0       0x3c /usr/lib/gcc/msp430/4.6.3/../../../../msp430/lib/mmpy-16/libc.a(rand.o)

.debug_str      0x0000000000000000      0x3e1
 *(.debug_str)
 .debug_str     0x0000000000000000       0xc9 /usr/lib/gcc/msp430/4.6.3/../../../../msp430/lib/mmpy-16/libc.a(strncmp.o)
                                        0x102 (size before relaxing)
 .debug_str     0x00000000000000c9       0x19 /usr/lib/gcc/msp430/4.6.3/../../../../msp430/lib/mmpy-16/libc.a(memcmp.o)
                                        0x100 (size before relaxing)
 .debug_str     0x00000000000000e2       0x34 /usr/lib/gcc/msp430/4.6.3/../../../../msp430/lib/mmpy-16/libc.a(memcpy.o)
                                        0x11b (size before relaxing)
 .debug_str     0x0000000000000116       0x26 /usr/lib/gcc/msp430/4.6.3/../../../../msp430/lib/mmpy-16/libc.a(memset.o)
                                        0x119 (size before relaxing)
 .debug_str     0x000000000000013c       0x40 /usr/lib/gcc/msp430/4.6.3/../../../../msp430/lib/mmpy-16/libc.a(printf.o)
                                        0x12f (size before relaxing)
 .debug_str     0x000000000000017c      0x221 /usr/lib/gcc/msp430/4.6.3/../../../../msp430/lib/mmpy-16/libc.a(vuprintf.o)
                                        0x37a (size before relaxing)
 .debug_str     0x000000000000039d       0x15 /usr/lib/gcc/msp430/4.6.3/../../../../msp430/lib/mmpy-16/libc.a(puts.o)
                                         0xf5 (size before relaxing)
 .debug_str     0x00000000000003b2       0x2f /usr/lib/gcc/msp430/4.6.3/../../../../msp430/lib/mmpy-16/libc.a(rand.o)
                                        0x114 (size before relaxing)

.debug_loc      0x0000000000000000      0xaf3
 *(.debug_loc)
 .debug_loc     0x0000000000000000       0x38 /usr/lib/gcc/msp430/4.6.3/../../../../msp430/lib/mmpy-16/libc.a(strncmp.o)
 .debug_loc     0x0000000000000038       0x5e /usr/lib/gcc/msp430/4.6.3/../../../../msp430/lib/mmpy-16/libc.a(memcmp.o)
 .debug_loc     0x0000000000000096      0x1f0 /usr/lib/gcc/msp430/4.6.3/../../../../msp430/lib/mmpy-16/libc.a(memcpy.o)
 .debug_loc     0x0000000000000286       0xdb /usr/lib/gcc/msp430/4.6.3/../../../../msp430/lib/mmpy-16/libc.a(memset.o)
 .debug_loc     0x0000000000000361       0x38 /usr/lib/gcc/msp430/4.6.3/../../../../msp430/lib/mmpy-16/libc.a(printf.o)
 .debug_loc     0x0000000000000399      0x705 /usr/lib/gcc/msp430/4.6.3/../../../../msp430/lib/mmpy-16/libc.a(vuprintf.o)
 .debug_loc     0x0000000000000a9e       0x26 /usr/lib/gcc/msp430/4.6.3/../../../../msp430/lib/mmpy-16/libc.a(puts.o)